[    0.000000] Initializing cgroup subsys cpuset
[    0.000000] Initializing cgroup subsys cpu
[    0.000000] Initializing cgroup subsys cpuacct
[    0.000000] Linux version 4.4.0-138-generic (buildd@lcy01-amd64-006) (gcc version 5.4.0 20160609 (Ubuntu 5.4.0-6ubuntu1~16.04.10) ) #164-Ubuntu SMP Tue Oct 2 17:16:02 UTC 2018 (Ubuntu 4.4.0-138.164-generic 4.4.155)
[    0.000000] Command line: BOOT_IMAGE=/boot/vmlinuz-4.4.0-138-generic root=UUID=3ec145b5-1a89-4631-a69d-550381a63a41 ro console=tty1 console=ttyS0
[    0.000000] KERNEL supported cpus:
[    0.000000]   Intel GenuineIntel
[    0.000000]   AMD AuthenticAMD
[    0.000000]   Centaur CentaurHauls
[    0.000000] x86/fpu: xstate_offset[2]:  576, xstate_sizes[2]:  256
[    0.000000] x86/fpu: Supporting XSAVE feature 0x01: 'x87 floating point registers'
    0.000000] x86/fpu: Supporting XSAVE feature 0x02: 'SSE registers'
[    0.000000] x86/fpu: Supporting XSAVE feature 0x04: 'AVX registers'
[    0.000000] x86/fpu: Enabled xstate features 0x7, context size is 832 bytes, using 'standard' format.
[    0.000000] e820: BIOS-provided physical RAM map:
[    0.000000] BIOS-e820: [mem 0x0000000000000000-0x0000000000009fbff] usable
[    0.000000] BIOS-e820: [mem 0x000000000009fc00-0x000000000009ffff] reserved
[    0.000000] BIOS-e820: [mem 0x00000000000f0000-0x00000000000fffff] reserved
[    0.000000] BIOS-e820: [mem 0x0000000000100000-0x000000003ffeffff] uable
[    0.000000] BIOS-e820: [mem 0x000000003fff0000-0x000000003fffffff] ACPI data
[    0.000000] BIOS-e820: [mem 0x00000000fec00000-0x00000000fec00fff] reserved
[    0.000000] BIOS-e820: [mem 0x00000000fee00000-0x00000000fee00fff] reserved
[    0.000000] BIOS-e820: [mem 0x00000000fffc0000-0x00000000ffffffff] reserved
[    0.000000] NX (Execute Disable) protection: active
[    0.000000] SMBIOS 2.5 present.
[    0.000000] Hypervisor detected: KVM
[    0.000000] e820: last_pfn = 0x3fff0 max_arch_pfn = 0x400000000
[    0.000000] MTRR: Disabled
[    0.000000] x86/PAT: MTRRs disabled, skipping PAT initialization too.
[    0.000000] CPU MTRRs all blank - virtualized system.
[    .000000] x86/PAT: Configuration [0-7]: WB  WT  UC- UC  WB  WT  UC- UC  
[    0.000000] found SMP MP-table at [mem 0x0009fff0-0x0009ffff] mapped at [ffff88000009fff0]
[    0.000000] Scanning 1 areas for low memory corruption
[    0.000000] RAMDISK: [mem 0x361f0000-0x370effff]
[    0.000000] ACPI: Early table checksum verification disabled
[    0.000000] ACPI: RSDP 0x00000000000E0000 000024 (v02 VBOX  )
[    0.000000] ACPI: XSDT 0x000000003FFF0030 00003C (v01 VBOX   VBOXXSDT 00000001 ASL  00000061)
[    0.000000] ACPI: FACP 0x000000003FFF00F0 0000F4 (v04 VBOX   VBOXFACP 00000001 ASL  00000061)
[    0.000000] ACPI: DSDT 0x000000003FFF0470 0021FF (v02 VBOX   VBOXBIOS 00000002 INTL 20100528)
[    0.000000] ACPI: FACS 0x00000003FFF0200 000040
[    0.000000] ACPI: FACS 0x000000003FFF0200 000040
[    0.000000] ACPI: APIC 0x000000003FFF0240 00005C (v02 VBOX   VBOXAPIC 00000001 ASL  00000061)
[    0.000000] ACPI: SSDT 0x000000003FFF02A0 0001CC (v01 VBOX   VBOXCPUT 00000002 INTL 20100528)
[    0.000000] No NUMA configuration found
[    0.000000] Faking a node at [mem 0x0000000000000000-0x000000003ffeffff]
[    0.000000] NODE_DATA(0) allocated[mem 0x3ffeb000-0x3ffeffff]
[    0.000000] kvm-clock: Using msrs 4b564d01 and 4b564d00
[    0.000000] kvm-clock: cpu 0, msr 0:3ffe3001, primary cpu clock
[    0.000000] kvm-clock: using sched offset of 6333117829 cycles
[    0.000000] clocksource: kvm-clock: mask: 0xffffffffffffffff max_cycles: 0x1cd42e4dffb, max_idle_ns: 881590591483 ns
[    0.000000] Zone ranges:
[    0.000000]   DMA      [mem 0x0000000000001000-0x0000000000ffffff]
[    0.000000]   DMA32    [mem 0x0000000001000000-0x000000003ffeffff]
[    0.000000]   Normal   empty
[    0.000000]   Device   empty
[    0.000000] Movable zone start for each node
[    0.000000] Early memory node ranges
[    0.000000]   nodde   0: [mem 0x0000000000001000-0x000000000009efff]
[    0.000000]   node   0: [mem 0x0000000000100000-0x000000003ffeffff]
[    0.000000] Initmem setup node 0 [mem 0x0000000000001000-0x000000003ffeffff]
[    0.000000] ACPI: PM-Timer IO Port: 0x4008
[    0.000000] IOAPIC[0]: apic_id 2, version 32, address 0xfec00000, GSI 0-23
[    0.000000] ACPI: INT_SRC_OVR (bus 0 bus_irq 0 global_irq 2 dfl dfl)
[    0.000000] ACPI: INT_SRC_OVR (bus 0 bus_irq 9 global_irq 9 low level)
[    0.000000] Using ACPI (MADT) for SMP configuration information
[    0.000000] smpboot: Allowing 2 CPUs, 0 hotplug CPUs
[    0.000000] PM: Registered nosave memory: [mem 0x00000000-0x00000fff]
[    0.000000] PM: Registered nosave memory: [mem 0x0009f000-0x0009ffff]
[    0.000000] PM: Registered nosave memory: [mem 0x000a0000-0x000effff]
[    0.000000] PM: Registered nosave memory: [mem 0x000f0000-0x000fffff]
[    0.000000] e820: [mem 0x40000000-0xfebfffff] available for PCI devices
[    0.000000] Booting paravirtualized kernel on KVM
[    0.000000] clocksource: refined-jiffies: mask: 0xffffffff max_cycles: 0xffffffff, max_idle_ns: 7645519600211568 ns
[    0.000000] setup_percpu: NR_CPUS:512 nr_cpumask_bits:512 nr_cpu_ids:2 nr_node_ids:1
[    0.000000] PERCPU: Embedded 34 pages/cpu @ffff88003fc00000 s99608 r8192 d31464 u1048576
[    0.000000] PV qspinlock hash table entries: 256 (order: 0, 4096 bytes)
[    0.000000] Built 1 zonelists in Node order, mobility grouping on.  Total pages: 257912
[    0.000000] Policy zone: DMA32
[    0.000000] Kernel command line: BOOT_IMAGE=/boot/vmlinuz-4.4.0-138-generic root=UUID=3ec145b5-1a89-4631-a69d-550381a63a41 ro console=tty1 console=ttyS0
[    0.000000] PID hash table entries: 4096 (order: 3, 32768 bytes)
[    0.000000] Memory: 997144K/1048120K available (8563K kernel code, 1314K rwdata, 4004K rodata, 1528K init, 1316K bss, 50976K reserved, 0K cma-reserved)
[    0.000000] SLUB: HWalign=64, Order=0-3, MinObjects=0, CPUs=2, Nodes=1
[    0.000000] Kernel/User page tables isolation: enabled
[    0.000000] Hierarchical RCU implementation.
[    0.000000] 	Build-time adjustment of leaf fanout to 64.
[    0.000000] 	RCU restricting CPUs from NR_CPUS=512 to nr_cpu_ids=2.
[    0.000000] RCU: Adjusting geometry for rcu_fanout_leaf=64, nr_cpu_ids=2
[    0.000000] NR_IRQS:33024 nr_irqs:440 16
[    0.000000] Console: colour VGA+ 80x25
[    0.000000] console [tty1] enabled
[    0.000000] console [ttyS0] enabled
[    0.000000] tsc: Detected 2394.462 MHz processor
[    0.683493] Calibrating delay loop (skipped) preset value.. 4788.92 BogoMIPS (lpj=9577848)
[    0.687673] pid_max: default: 32768 minimum: 301
[    0.689912] ACPI: Core revision 20150930
[    0.696339] ACPI: 2 ACPI AML tables successfully acquired and loaded
[    0.699459] Security Framework initialized
[    0.701509] Yama: becoming mindful.
[    0.703361] AppArmor: AppArmor initialized
[    0.705647] Dentry cache hash table entries: 131072 (order: 8, 1048576 bytes)
[    0.713859] Inode-cache hash table entries: 65536 (order: 7, 524288 bytes)
[    0.717823] Mount-cache hash table entries: 2048 (order: 2, 16384 bytes)
[    0.721307] Mountpoint-cache hash table entries: 2048 (order: 2, 16384 bytes)
[    0.725150] Initializing cgroup subsys io
[    0.727447] Initializing cgroup subsys memory
[    0.729886] Initializing cgroup subsys devices
[    0.732431] Initializing cgroup subsys freezer
[    0.735013] Initializing cgroup subsys net_cls
[    0.737583] Initializing cgroup subsys perf_event
[    0.740184] Initializing cgroup subsys net_prio
[    0.742805] Initializing cgroup subsys hugetlb
[    0.745370] Initializing cgroup subsys pids
[    0.748905] mce: CPU supports 0 MCE banks
[    0.750960] Last level iTLB entries: 4KB 64, 2MB 8, 4MB 8
[    0.753522] Last level dTLB entries: 4KB 64, 2MB 0, 4MB 0, 1GB 4
[    0.756171] Spectre V2 : Mitigation: Full generic retpoline
[    0.758664] Spectre V2 : Spectre v2 mitigation: Speculation control IBPB not-supported IBRS not-supported
[    0.762606] Spectre V2 : Spectre v2 / SpectreRSB mitigation: Filling RSB on context switch
[    0.767355] Speculative Store Bypass: Vulnerable
[    0.773935] Freeing SMP alternatives memory: 32K
[    0.789692] ftrace: allocating 32278 entries in 127 pages
[    0.900724] smpboot: APIC(0) Converting physical 0 to logical package 0
[    0.904651] smpboot: Max logical packages: 1
[    0.908445] x2apic enabled
[    0.911472] Switched APIC routing to physical x2apic.
[    0.918474] ..TIMER: vector=0x30 apic1=0 pin1=2 apic2=-1 pin2=-1
[    1.038308] APIC calibration not consistent with PM-Timer: 108ms instead of 100ms
[    1.047700] APIC delta adjusted to PM-Timer: 6246520 (6753217)
[    1.052297] smpboot: CPU0: Intel(R) Core(TM) i7-5500U CPU @ 2.40GHz (family: 0x6, model: 0x3d, stepping: 0x4)
[    1.059883] Performance Events: unsupported p6 CPU model 61 no PMU driver, software events only.
[    1.066107] KVM setup paravirtual spinlock
[    1.070231] x86: Booting SMP configuration:
[    1.073056] .... node  #0, CPUs:      #1
[    1.075638] kvm-clock: cpu 1, msr 0:3ffe3041, secondary cpu clock
[    1.084842] mce: CPU supports 0 MCE banks
[    1.088303] x86: Booted up 1 node, 2 CPUs
[    1.094287] smpboot: Total of 2 processors activated (9577.84 BogoMIPS)
[    1.100257] devtmpfs: initialized
[    1.114174] evm: security.selinux
[    1.116519] evm: security.SMACK64
[    1.118703] evm: security.SMACK64EXEC
[    1.121025] evm: security.SMACK64TRANSMUTE
[    1.123706] evm: security.SMACK64MMAP
[    1.126615] evm: security.ima
[    1.129303] evm: security.capability
[    1.136698] clocksource: jiffies: mask: 0xffffffff max_cycles: 0xffffffff, max_idle_ns: 7645041785100000 ns
[    1.149178] futex hash table entries: 512 (order: 3, 32768 bytes)
[    1.155210] pinctrl core: initialized pinctrl subsystem
[    1.159447] RTC time: 14:18:14, date: 11/21/18
[    1.163568] NET: Registered protocol family 16
[    1.177182] cpuidle: using governor ladder
[    1.197417] cpuidle: using governor menu
[    1.200386] PCCT header not found.
[    1.203857] ACPI: bus type PCI registered
[    1.206608] acpiphp: ACPI Hot Plug PCI Controller Driver version: 0.5
[    1.217145] PCI: Using configuration type 1 for base access
[    1.235735] ACPI: Added _OSI(Module Device)
[    1.238839] ACPI: Added _OSI(Processor Device)
[    1.245062] ACPI: Added _OSI(3.0 _SCP Extensions)
[    1.252489] ACPI: Added _OSI(Processor Aggregator Device)
[    1.263059] ACPI: Executed 1 blocks of module-level executable AML code
[    1.275155] ACPI: Interpreter enabled
[    1.277454] ACPI: (supports S0 S5)
[    1.282510] ACPI: Using IOAPIC for interrupt routing
[    1.285687] PCI: Using host bridge windows from ACPI; if necessary, use "pci=nocrs" and report a bug
[    1.301115] ACPI: PCI Root Bridge [PCI0] (domain 0000 [bus 00-ff])
[    1.304528] acpi PNP0A03:00: _OSC: OS supports [ASPM ClockPM Segments MSI]
[    1.308002] acpi PNP0A03:00: _OSC: not requesting OS control; OS requires [ExtendedConfig ASPM ClockPM MSI]
[    1.313811] acpi PNP0A03:00: fail to add MMCONFIG information, can't access extended PCI configuration space under this bridge.
[    1.320299] PCI host bridge to bus 0000:00
[    1.322573] pci_bus 0000:00: root bus resource [io  0x0000-0x0cf7 window]
[    1.325932] pci_bus 0000:00: root bus resource [io  0x0d00-0xffff window]
[    1.329356] pci_bus 0000:00: root bus resource [mem 0x000a0000-0x000bffff window]
[    1.333582] pci_bus 0000:00: root bus resource [mem 0x40000000-0xfdffffff window]
[    1.337891] pci_bus 0000:00: root bus resource [bus 00-ff]
[    1.345699] pci 0000:00:01.1: legacy IDE quirk: reg 0x10: [io  0x01f0-0x01f7]
[    1.380803] pci 0000:00:01.1: legacy IDE quirk: reg 0x14: [io  0x03f6]
[    1.384228] pci 0000:00:01.1: legacy IDE quirk: reg 0x18: [io  0x0170-0x0177]
[    1.387952] pci 0000:00:01.1: legacy IDE quirk: reg 0x1c: [io  0x0376]
[    1.421076] pci 0000:00:07.0: quirk: [io  0x4000-0x403f] claimed by PIIX4 ACPI
[    1.425378] pci 0000:00:07.0: quirk: [io  0x4100-0x410f] claimed by PIIX4 SMB
[    1.440444] ACPI: PCI Interrupt Link [LNKA] (IRQs 5 9 10 *11)
[    1.444875] ACPI: PCI Interrupt Link [LNKB] (IRQs 5 9 *10 11)
[    1.448820] ACPI: PCI Interrupt Link [LNKC] (IRQs 5 *9 10 11)
[    1.452815] ACPI: PCI Interrupt Link [LNKD] (IRQs 5 9 10 *11)
[    1.457102] ACPI: Enabled 2 GPEs in block 00 to 07
[    1.460434] vgaarb: setting as boot device: PCI:0000:00:02.0
[    1.463548] vgaarb: device added: PCI:0000:00:02.0,decodes=io+mem,owns=io+mem,locks=none
[    1.468188] vgaarb: loaded
[    1.470085] vgaarb: bridge control possible 0000:00:02.0
[    1.473764] SCSI subsystem initialized
[    1.476777] ACPI: bus type USB registered
[    1.479527] usbcore: registered new interface driver usbfs
[    1.482730] usbcore: registered new interface driver hub
[    1.485459] usbcore: registered new device driver usb
[    1.493347] PCI: Using ACPI for IRQ routing
[    1.496326] NetLabel: Initializing
[    1.498403] NetLabel:  domain hash size = 128
[    1.500976] NetLabel:  protocols = UNLABELED CIPSOv4
[    1.503727] NetLabel:  unlabeled traffic allowed by default
[    1.506883] amd_nb: Cannot enumerate AMD northbridges
[    1.509698] clocksource: Switched to clocksource kvm-clock
[    1.542404] AppArmor: AppArmor Filesystem Enabled
[    1.545206] pnp: PnP ACPI init
[    1.549130] pnp: PnP ACPI: found 3 devices
[    1.565599] clocksource: acpi_pm: mask: 0xffffff max_cycles: 0xffffff, max_idle_ns: 2085701024 ns
[    1.570005] NET: Registered protocol family 2
[    1.572547] TCP established hash table entries: 8192 (order: 4, 65536 bytes)
[    1.575783] TCP bind hash table entries: 8192 (order: 5, 131072 bytes)
[    1.579116] TCP: Hash tables configured (established 8192 bind 8192)
[    1.582407] UDP hash table entries: 512 (order: 2, 16384 bytes)
[    1.585638] UDP-Lite hash table entries: 512 (order: 2, 16384 bytes)
[    1.588983] NET: Registered protocol family 1
[    1.628380] pci 0000:00:00.0: Limiting direct PCI/PCI transfers
[    1.662544] pci 0000:00:01.0: ctivating ISA DMA hang workarounds
[    1.711579] Unpacking initramfs...

[    2.365718] Freeing initrd memory: 15360K
[    2.368069] RAPL PMU detected, API unit is 2^-32 Joules, 4 fixed counters 10737418240 ms ovfl timer
[    2.381226] hw unit of domain pp0-core 2^-0 Joules
[    2.383679] hw unit of domain package 2^-0 Joules
[    2.386041] hw unit of domain dram 2^-0 Joules
[    2.388379] hw unit of domain pp1-gpu 2^-0 Joules
[    2.390808] platform rtc_cmos: registered platform RTC device (no PNP device found)
[    2.395068] Scanning for low memory corruption every 60 seconds
[    2.398453] audit: initializing netlink subsys (disabled)
[    2.401046] audit: type=2000 audit(1542809902.920:1): initialized
[    2.404485] Initialise system trusted keyring
[    2.408538] HugeTLB registered 2 MB page size, pre-allocated 0 pages
[    2.415333] zbud: loaded
[    2.417601] VFS: Disk quotas dquot_6.6.0
[    2.419786] VFS: Dquot-cache hash table entries: 512 (order 0, 4096 bytes)
[    2.423565] squashfs: version 4.0 (2009/01/31) Phillip Lougher
[    2.426942] fuse init (API version 7.23)
[    2.429394] Key type big_key registered
[    2.431795] Allocating IMA MOK and blacklist keyrings.
[    2.439177] Key type asymmetric registered
[    2.441406] Asymmetric key parser 'x509' registered
[    2.443922] Block layer SCSI generic (bsg) driver version 0.4 loaded (major 249)
[    2.447843] io scheduler noop registered
[    2.449921] io scheduler deadline registered (default)
[    2.452446] io scheduler cfq registered
[    2.454656] pci_hotplug: PCI Hot Plug PCI Core version: 0.5
[    2.457373] pciehp: PCI Express Hot Plug Controller Driver version: 0.4
[    2.460487] ACPI: AC Adapter [AC] (on-line)
[    2.462675] input: Power Button as /devices/LNXSYSTM:00/LNXPWRBN:00/input/input0
[    2.466514] ACPI: Power Button [PWRF]
[    2.468635] input: Sleep Button as /devices/LNXSYSTM:00/LNXSLPBN:00/input/input1
[    2.472630] ACPI: Sleep Button [SLPF]
[    2.476376] ACPI: Battery Slot [BAT0] (battery present)
[    2.479172] GHES: HEST is not enabled!
[    2.481715] Serial: 8250/16550 driver, 32 ports, IRQ sharing enabled
[    2.508589] 00:02: ttyS0 at I/O 0x3f8 (irq = 4, base_baud = 115200) is a 16550A
[    2.515180] Linux agpgart interface v0.103
[    2.525321] loop: module loaded
[    2.528549] scsi host0: ata_piix
[    2.530848] scsi host1: ata_piix
[    2.532799] ata1: PATA max UDMA/33 cmd 0x1f0 ctl 0x3f6 bmdma 0xd000 irq 14
[    2.535873] ata2: PATA max UDMA/33 cmd 0x170 ctl 0x376 bmdma 0xd008 irq 15
[    2.539507] libphy: Fixed MDIO Bus: probed
[    2.541610] tun: Universal TUN/TAP device driver, 1.6
[    2.544055] tun: (C) 1999-2004 Max Krasnyansky <maxk@qualcomm.com>
[    2.546914] PPP generic driver version 2.4.2
[    2.549146] ehci_hcd: USB 2.0 'Enhanced' Host Controller (EHCI) Driver
[    2.552378] ehci-pci: EHCI PCI platform driver
[    2.554787] ehci-platform: EHCI generic platform driver
[    2.557410] ohci_hcd: USB 1.1 'Open' Host Controller (OHCI) Driver
[    2.560171] ohci-pci: OHCI PCI platform driver
[    2.562355] ohci-platform: OHCI generic platform driver
[    2.564803] uhci_hcd: USB Universal Host Controller Interface driver
[    2.567930] i8042: PNP: PS/2 Controller [PNP0303:PS2K,PNP0f03:PS2M] at 0x60,0x64 irq 1,12
[    2.572986] serio: i8042 KBD port at 0x60,0x64 irq 1
[    2.575456] serio: i8042 AUX port at 0x60,0x64 irq 12
[    2.578021] mousedev: PS/2 mouse device common for all mice
[    2.581923] input: AT Translated Set 2 keyboard as /devices/platform/i8042/serio0/input/input2
[    2.586914] rtc_cmos rtc_cmos: rtc core: registered rtc_cmos as rtc0
[    2.589951] rtc_cmos rtc_cmos: alarms up to one day, 114 bytes nvram
[    2.592990] i2c /dev entries driver
[    2.595054] device-mapper: uevent: version 1.0.3
[    2.609323] device-mapper: ioctl: 4.34.0-ioctl (2015-10-28) initialised: dm-devel@redhat.com
[    2.614363] ledtrig-cpu: registered to indicate activity on CPUs
[    2.618101] NET: Registered protocol family 10
[    2.620723] NET: Registered protocol family 17
[    2.623002] Key type dns_resolver registered
[    2.625726] registered taskstats version 1
[    2.627969] Loading compiled-in X.509 certificates
[    2.631315] Loaded X.509 cert 'Build time autogenerated kernel key: 9a104bc44b81e9426fe5c715e47d021d02d69eba'
[    2.636038] zswap: loaded using pool lzo/zbud
[    2.642268] Key type trusted registered
[    2.651999] Key type encrypted registered
[    2.654358] AppArmor: AppArmor sha1 policy hashing enabled
[    2.657361] ima: No TPM chip found, activating TPM-bypass!
[    2.660379] ima: Allocated hash algorithm: sha1
[    2.663016] evm: HMAC attrs: 0x1
[    2.665762]   Magic number: 10:365:334
[    2.668022] tty tty55: hash matches
[    2.670298] rtc_cmos rtc_cmos: setting system clock to 2018-11-21 14:18:16 UTC (1542809896)
[    2.675861] BIOS EDD facility v0.16 2004-Jun-25, 0 devices found
[    2.684364] EDD information not available.
[    2.702297] Freeing unused kernel memory: 1528K
[    2.734114] Write protecting the kernel read-only data: 14336k
[    2.738668] Freeing unused kernel memory: 1664K
[    2.742030] Freeing unused kernel memory: 92K
Loading, please wait...
starting version 229
[    2.770768] random: systemd-udevd: uninitialized urandom read (16 bytes read, 5 bits of entropy available)
[    2.771929] random: udevadm: uninitialized urandom read (16 bytes read, 5 bits of entropy available)
[    2.771986] random: udevadm: uninitialized urandom read (16 bytes read, 5 bits of entropy available)
[    2.787209] random: systemd-udevd: uninitialized urandom read (16 bytes read, 5 bits of entropy available)
[    2.798172] random: udevadm: uninitialized urandom read (16 bytes read, 5 bits of entropy available)
[    2.798262] random: udevadm: uninitialized urandom read (16 bytes read, 5 bits of entropy available)
[    2.798645] random: udevadm: uninitialized urandom read (16 bytes read, 5 bits of entropy available)
[    2.798794] random: udevadm: uninitialized urandom read (16 bytes read, 5 bits of entropy available)
[    2.798943] random: udevadm: uninitialized urandom read (16 bytes read, 5 bits of entropy available)
[    2.799102] random: udevadm: uninitialized urandom read (16 bytes read, 5 bits of entropy available)
[    2.906045] e1000: Intel(R) PRO/1000 Network Driver - version 7.3.21-k8-NAPI
[    2.922003] e1000: Copyright (c) 1999-2006 Intel Corporation.
[    2.943853] Fusion MPT base driver 3.04.20
[    2.947468] Copyright (c) 1999-2008 LSI Corporation
[    2.964465] Fusion MPT SPI Host driver 3.04.20
[    2.978712] AVX2 version of gcm_enc/dec engaged.
[    2.981336] AES CTR mode by8 optimization enabled
[    3.163246] input: ImExPS/2 Generic Explorer Mouse as /devices/platform/i8042/serio1/input/input4
[    3.385855] tsc: Refined TSC clocksource calibration: 2393.596 MHz
[    3.389238] clocksource: tsc: mask: 0xffffffffffffffff max_cycles: 0x2280959eecd, max_idle_ns: 440795214857 ns
[    3.442129] e1000 0000:00:03.0 eth0: (PCI:33MHz:32-bit) 02:00:84:9a:cf:24
[    3.460892] e1000 0000:00:03.0 eth0: Intel(R) PRO/1000 Network Connection
[    3.470425] e1000 0000:00:03.0 enp0s3: renamed from eth0
[    3.480549] mptbase: ioc0: Initiating bringup
[    3.552149] ioc0: LSI53C1030 A0: Capabilities={Initiator}
[    3.729115] scsi host2: ioc0: LSI53C1030 A0, FwRev=00000000h, Ports=1, MaxQ=256, IRQ=20
[    3.848282] scsi 2:0:0:0: Direct-Access     VBOX     HARDDISK         1.0  PQ: 0 ANSI: 5
[    3.914053] scsi target2:0:0: Beginning Domain Validation
[    3.918211] scsi target2:0:0: Domain Validation skipping write tests
[    3.921215] scsi target2:0:0: Ending Domain Validation
[    3.923865] scsi target2:0:0: asynchronous
[    3.926477] scsi 2:0:1:0: Direct-Access     VBOX     HARDDISK         1.0  PQ: 0 ANSI: 5
[    3.930467] scsi target2:0:1: Beginning Domain Validation
[    3.934432] scsi target2:0:1: Domain Validation skipping write tests
[    3.937220] scsi target2:0:1: Ending Domain Validation
[    3.939659] scsi target2:0:1: asynchronous
[    3.952515] sd 2:0:0:0: [sda] 20971520 512-byte logical blocks: (10.7 GB/10.0 GiB)
[    3.956842] sd 2:0:0:0: [sda] Write Protect is off
[    3.956865] sd 2:0:0:0: Attached scsi generic sg0 type 0
[    3.962820] sd 2:0:0:0: [sda] Incomplete mode parameter data
[    3.963850] sd 2:0:1:0: [sdb] 20480 512-byte logical blocks: (10.5 MB/10.0 MiB)
[    3.964155] sd 2:0:1:0: [sdb] Write Protect is off
[    3.964534] sd 2:0:1:0: [sdb] Incomplete mode parameter data
[    3.964538] sd 2:0:1:0: [sdb] Assuming drive cache: write through
[    3.966636] sd 2:0:1:0: Attached scsi generic sg1 type 0
[    3.981197] sd 2:0:1:0: [sdb] Attached SCSI disk
[    3.994378] sd 2:0:0:0: [sda] Assuming drive cache: write through
[    4.013839]  sda: sda1
[    4.017163] sd 2:0:0:0: [sda] Attached SCSI disk
Begin: Loading essential drivers ... [    6.213031] md: linear personality registered for level -1
[    6.223456] md: multipath personality registered for level -4
[    6.234245] md: raid0 personality registered for level 0
[    6.246459] md: raid1 personality registered for level 1
[    6.325747] raid6: sse2x1   gen()  1774 MB/s
[    6.394045] raid6: sse2x1   xor()  1139 MB/s
[    6.462379] raid6: sse2x2   gen()  3457 MB/s
[    6.529787] raid6: sse2x2   xor()  2350 MB/s
[    6.598133] raid6: sse2x4   gen()  4364 MB/s
[    6.666416] raid6: sse2x4   xor()  2652 MB/s
[    6.733752] raid6: avx2x1   gen()  4256 MB/s
[    6.801715] raid6: avx2x2   gen()  8937 MB/s
[    6.870442] raid6: avx2x4   gen() 11932 MB/s
[    6.872968] raid6: using algorithm avx2x4 gen() 11932 MB/s
[    6.875923] raid6: using avx2x2 recovery algorithm
[    6.880916] xor: automatically using best checksumming function:
[    6.921743]    avx       : 14189.000 MB/sec
[    6.926451] async_tx: api initialized (async)
[    6.943404] md: raid6 personality registered for level 6
[    6.946686] md: raid5 personality registered for level 5
[    6.949889] md: raid4 personality registered for level 4
[    6.964893] md: raid10 personality registered for level 10
done.
Begin: Running /scripts/init-premount ... done.
Begin: Mounting root file system ... Begin: Running /scripts/local-top ... done.
Begin: Running /scripts/local-premount ... [    7.036384] Btrfs loaded
Scanning for Btrfs filesystems
done.
Warning: fsck not present, so skipping root file system
[    7.124615] EXT4-fs (sda1): INFO: recovery required on readonly filesystem
[    7.128219] EXT4-fs (sda1): write access will be enabled during recovery
[    7.193439] EXT4-fs (sda1): recovery complete
[    7.195951] EXT4-fs (sda1): mounted filesystem with ordered data mode. Opts: (null)
done.
Begin: Running /scripts/local-bottom ... done.
Begin: Running /scripts/init-bottom ... done.
[    7.739344] random: nonblocking pool is initialized
[    8.245762] systemd[1]: systemd 229 running in system mode. (+PAM +AUDIT +SELINUX +IMA +APPARMOR +SMACK +SYSVINIT +UTMP +LIBCRYPTSETUP +GCRYPT +GNUTLS +ACL +XZ -LZ4 +SECCOMP +BLKID +ELFUTILS +KMOD -IDN)
[    8.276507] systemd[1]: Detected virtualization oracle.
[    8.283428] systemd[1]: Detected architecture x86-64.

Welcome to [1mUbuntu 16.04.5 LTS[0m!

[    8.383497] systemd[1]: Set hostname to <ubuntu-xenial>.
[    9.545762] systemd[1]: Listening on Syslog Socket.
[[0;32m  OK  [0m] Listening on Syslog Socket.
[    9.550664] systemd[1]: Listening on LVM2 poll daemon socket.
[[0;32m  OK  [0m] Listening on LVM2 poll daemon socket.
[    9.555804] systemd[1]: Reached target User and Group Name Lookups.
[[0;32m  OK  [0m] Reached target User and Group Name Lookups.
[    9.561185] systemd[1]: Reached target Encrypted Volumes.
[[0;32m  OK  [0m] Reached target Encrypted Volumes.
[    9.566263] systemd[1]: Started Trigger resolvconf update for networkd DNS.
[[0;32m  OK  [0m] Started Trigger resolvconf update for networkd DNS.
[    9.572437] systemd[1]: Listening on udev Control Socket.
[[0;32m  OK  [0m] Listening on udev Control Socket.
[    9.577896] systemd[1]: Set up automount Arbitrary Executable File Formats File System Automount Point.
[[0;32m  OK  [0m] Set up automount Arbitrary Executab...ats File System Automount Point.
[    9.587906] systemd[1]: Listening on /dev/initctl Compatibility Named Pipe.
[[0;32m  OK  [0m] Listening on /dev/initctl Compatibility Named Pipe.
[    9.599806] systemd[1]: Created slice System Slice.
[[0;32m  OK  [0m] Created slice System Slice.
[    9.604491] systemd[1]: Listening on Journal Socket (/dev/log).
[[0;32m  OK  [0m] Listening on Journal Socket (/dev/log).
[    9.609553] systemd[1]: Listening on Journal Socket.
[[0;32m  OK  [0m] Listening on Journal Socket.
[    9.626221] systemd[1]: Mounting Debug File System...
         Mounting Debug File System...
[    9.699017] systemd[1]: Starting Uncomplicated firewall...
         Starting Uncomplicated firewall...
[    9.705449] systemd[1]: Starting Nameserver information manager...
         Starting Nameserver information manager...
[    9.732169] systemd[1]: Starting Load Kernel Modules...
         Starting Load Kernel Modules...
[    9.766444] systemd[1]: Starting Create list of required static device nodes for the current kernel...
         Starting Create list of required st... nodes for the current kernel...
[    9.780668] systemd[1]: Mounting Huge Pages File System...
         Mounting Huge Pages File System...
[    9.785765] systemd[1]: Reached target System Time Synchronized.
[[0;32m  OK  [0m] Reached target System Time Synchronized.
[    9.793696] systemd[1]: Mounting POSIX Message Queue File System...
         Mounting POSIX Message Queue File System...
[    9.835687] systemd[1]: Listening on LVM2 metadata daemon socket.
[[0;32m  OK  [0m] Listening on LVM2 metadata daemon socket.
[    9.846361] systemd[1]: Listening on udev Kernel Socket.
[[0;32m  OK  [0m] Listening on udev Kernel Socket.
[    9.862916] systemd[1]: Reached target Swap.
[    9.866010] Loading iSCSI transport class v2.0-870.
[[0;32m  OK  [0m] Reached target Swap.
[    9.871455] systemd[1]: Created slice User and Session Slice.
[[0;32m  OK  [0m] Created slice User and Session Slice.
[    9.877161] systemd[1]: Reached target Slices.
[[0;32m  OK  [0m] Reached target Slices.
[    9.883088] systemd[1]: Listening on Journal Audit Socket.
[[0;32m  OK  [0m] Listening on Journal Audit Socket.
[    9.908833] iscsi: registered transport (tcp)
[    9.909998] systemd[1]: Starting Journal Service...
         Starting Journal Service...
[    9.917770] systemd[1]: Starting Remount Root and Kernel File Systems...
         Starting Remount Root and Kernel File Systems...
[    9.923831] systemd[1]: Started Forward Password Requests to Wall Directory Watch.
[[0;32m  OK  [0m] Started Forward Password Requests to Wall Directory Watch.
[    9.931358] systemd[1]: Created slice system-serial\x2dgetty.slice.
[[0;32m  OK  [0m] Created slice system-serial\x2dgetty.slice.
[    9.946324] systemd[1]: Starting Set console keymap...
         Starting Set console keymap...
[    9.950962] systemd[1]: Listening on Device-mapper event daemon FIFOs.
[[0;32m  OK  [0m] Listening on Device-mapper event daemon FIFOs.
[    9.958682] systemd[1]: Starting Monitoring of LVM2 mirrors, snapshots etc. using dmeventd or progress polling...
         Starting Monitoring of LVM2 mirrors... dmeventd or progress polling...
[    9.972668] systemd[1]: Mounted POSIX Message Queue File System.
[[0;32m  OK  [0m] Mounted POSIX Message Queue File System.
[    9.987134] systemd[1]: Mounted Huge Pages File System.
[[0;32m  OK  [0m] Mounted Huge Pages File System.
[    9.993353] systemd[1]: Mounted Debug File System.
[    9.996058] EXT4-fs (sda1): re-mounted. Opts: (null)
[[0;32m  OK  [0m] Mounted Debug File System.
[   10.005079] systemd[1]: Started Uncomplicated firewall.
[[0;32m  OK  [0m] Started Uncomplicated firewall.
[   10.023821] systemd[1]: Started Create list of required static device nodes for the current kernel.
[[0;32m  OK  [0m] Started Create list of required sta...ce nodes for the current kernel.
[   10.039648] systemd[1]: Started Remount Root and Kernel File Systems.
[[0;32m  OK  [0m] Started Remount Root and Kernel File Systems.
[   10.098045] systemd[1]: Started Nameserver information manager.
[[0;32m  OK  [0m] Started Nameserver information manager.
[   10.250329] systemd[1]: Starting udev Coldplug all Devices...
         Starting udev Coldplug all Devices...
[   10.267238] systemd[1]: Starting Load/Save Random Seed...
         Starting Load/Save Random Seed...
[   10.290108] iscsi: registered transport (iser)
[   10.318076] systemd[1]: Starting Create Static Device Nodes in /dev...
         Starting Create Static Device Nodes in /dev...
[   10.327280] systemd[1]: Started Load Kernel Modules.
[[0;32m  OK  [0m] Started Load Kernel Modules.
[   10.373965] systemd[1]: Mounting FUSE Control File System...
         Mounting FUSE Control File System...
[   10.385346] systemd[1]: Starting Apply Kernel Variables...
         Starting Apply Kernel Variables...
[   10.393939] systemd[1]: Mounted FUSE Control File System.
[[0;32m  OK  [0m] Mounted FUSE Control File System.
[   10.450402] systemd[1]: Started Set console keymap.
[[0;32m  OK  [0m] Started Set console keymap.
[   10.493314] systemd[1]: Started LVM2 metadata daemon.
[[0;32m  OK  [0m] Started LVM2 metadata daemon.
[   10.508600] systemd[1]: Started udev Coldplug all Devices.
[[0;32m  OK  [0m] Started udev Coldplug all Devices.
[   10.515257] systemd[1]: Started Load/Save Random Seed.
[[0;32m  OK  [0m] Started Load/Save Random Seed.
[   10.564139] systemd[1]: Started Journal Service.
[[0;32m  OK  [0m] Started Journal Service.
         Starting Flush Journal to Persistent Storage...
[[0;32m  OK  [0m] Started Apply Kernel Variables.
[[0;32m  OK  [0m] Started Flush Journal to Persistent Storage.
[[0;32m  OK  [0m] Started Create Static Device Nodes in /dev.
         Starting udev Kernel Device Manager...
[[0;32m  OK  [0m] Started Monitoring of LVM2 mirrors,...ng dmeventd or progress polling.
[[0;32m  OK  [0m] Started udev Kernel Device Manager.
[[0;32m  OK  [0m] Reached target Local File Systems (Pre).
[[0;32m  OK  [0m] Reached target Local File Systems.
         Starting Initial cloud-init job (pre-networking)...
         Starting Set console font and keymap...
         Starting Tell Plymouth To Write Out Runtime Data...
         Starting Create Volatile Files and Directories...
         Starting LSB: AppArmor initialization...
[[0;32m  OK  [0m] Started Dispatch Password Requests to Console Directory Watch.
[[0;32m  OK  [0m] Started Tell Plymouth To Write Out Runtime Data.
[[0;32m  OK  [0m] Found device /dev/ttyS0.
[[0;32m  OK  [0m] Started Create Volatile Files and Directories.
         Starting Update UTMP about System Boot/Shutdown...
[[0;32m  OK  [0m] Listening on Load/Save RF Kill Switch Status /dev/rfkill Watch.
[[0;32m  OK  [0m] Started Update UTMP about System Boot/Shutdown.
[[0;32m  OK  [0m] Found device 82540EM Gigabit Ethern...r (PRO/1000 MT Desktop Adapter).
[[0;32m  OK  [0m] Started LSB: AppArmor initialization.
[[0;32m  OK  [0m] Started Set console font and keymap.
[[0;32m  OK  [0m] Created slice system-getty.slice.
[   17.488949] cloud-init[493]: Cloud-init v. 18.3-9-g2e62cb8a-0ubuntu1~16.04.2 running 'init-local' at Wed, 21 Nov 2018 14:18:30 +0000. Up 16.11 seconds.
[[0;32m  OK  [0m] Started Initial cloud-init job (pre-networking).
[[0;32m  OK  [0m] Reached target Network (Pre).
[[0;32m  OK  [0m] Started ifup for enp0s3.
         Starting Raise network interfaces...
[[0;32m  OK  [0m] Started Raise network interfaces.
         Starting Initial cloud-init job (metadata service crawler)...
[[0;32m  OK  [0m] Reached target Network.
[   20.096273] cloud-init[971]: Cloud-init v. 18.3-9-g2e62cb8a-0ubuntu1~16.04.2 running 'init' at Wed, 21 Nov 2018 14:18:33 +0000. Up 18.78 seconds.
[   20.120690] cloud-init[971]: ci-info: ++++++++++++++++++++++++++++++++++++Net device info+++++++++++++++++++++++++++++++++++++
[   20.135943] cloud-init[971]: ci-info: +--------+------+-------------------------+---------------+--------+-------------------+
[   20.148164] cloud-init[971]: ci-info: | Device |  Up  |         Address         |      Mask     | Scope  |     Hw-Address    |
[   20.159441] cloud-init[971]: ci-info: +--------+------+-------------------------+---------------+--------+-------------------+
[   20.166153] cloud-init[971]: ci-info: | enp0s3 | True |        10.0.2.15        | 255.255.255.0 | global | 02:00:84:9a:cf:24 |
[   20.172663] cloud-init[971]: ci-info: | enp0s3 | True | fe80::84ff:fe9a:cf24/64 |       .       |  link  | 02:00:84:9a:cf:24 |
[   20.179005] cloud-init[971]: ci-info: |   lo   | True |        127.0.0.1        |   255.0.0.0   |  host  |         .         |
[   20.185725] cloud-init[971]: ci-info: |   lo   | True |         ::1/128         |       .       |  host  |         .         |
[   20.192168] cloud-init[971]: ci-info: +--------+------+-------------------------+---------------+--------+-------------------+
[   20.198660] cloud-init[971]: ci-info: +++++++++++++++++++++++++++Route IPv4 info++++++++++++++++++++++++++++
[   20.222807] cloud-init[971]: ci-info: +-------+-------------+----------+---------------+-----------+-------+
[   20.228481] cloud-init[971]: ci-info: | Route | Destination | Gateway  |    Genmask    | Interface | Flags |
[[0;32m  OK  [0m] Started Initial cloud-init job (metadata service crawler).
[[0;32m  OK  [0m] Reached target System Initialization.
[   20.234309] cloud-init[971]: ci-info: +-------+-------------+----------+---------------+-----------+-------+
[   20.244713] cloud-init[971]: ci-info: |   0   |   0.0.0.0   | 10.0.2.2 |    0.0.0.0    |   enp0s3  |   UG  |
[[0;32m  OK  [0m] Started Daily apt download activities.
[   20.252193] [[0;32m  OK  [0m] Listening on ACPID Listen Socket.
[[0;32m  OK  [0m] Started Daily apt upgrade and clean activities.
[[0;32m  OK  [0m] Listening on UUID daemon activation socket.
cloud-init[971]: ci-info: |   1   |   10.0.2.0  | 0.0.0.0  | 255.255.255.0 |   enp0s3  |   U   |
[   20.263558]          Starting LXD - unix socket.
cloud-init[971]: ci-info: +-------+-------------+----------+---------------+-----------+-------+
[   20.270543] [[0;32m  OK  [0m] Started ACPI Events Check.
[[0;32m  OK  [0m] Reached target Paths.
         Starting Socket activation for snappy daemon.
[[0;32m  OK  [0m] Started Daily Cleanup of Temporary Directories.
[[0;32m  OK  [0m] Reached target Timers.
[[0;32m  OK  [0m] Listening on D-Bus System Message Bus Socket.
[[0;32m  OK  [0m] Reached target Network is Online.
cloud-init[971]: ci-info: +++++++++++++++++++Route IPv6 info+++++++++++++++++++
[   20.287354] cloud-init[971]: ci-info: +-------+-------------+---------+-----------+-------+
[   20.291944] cloud-init[971]: ci-info: | Route | Destination | Gateway | Interface | Flags |
[   20.296288] cloud-init[971]: ci-info: +-------+-------------+---------+-----------+-------+
         Starting iSCSI initiator daemon (iscsid)...
[[0;32m  OK  [0m] Reached target Cloud-config availability.
[[0;32m  OK  [0m] Listening on LXD - unix socket.
[[0;32m  OK  [0m] Listening on Socket activation for snappy daemon.
[   20.300008] cloud-init[971]: ci-info: |   0   |  fe80::/64  |    ::   |   enp0s3  |   U   |
[   20.312019] [[0;32m  OK  [0m] Reached target Sockets.
[[0;32m  OK  [0m] Reached target Basic System.
cloud-init[971]: [[0;32m  OK  [0m] Started Deferred execution scheduler.
[[0;32m  OK  [0m] Started FUSE filesystem for LXC.
ci-info: |   3   |   ff00::/8  |    ::   |   enp0s3  |   U   |
[   20.325648] cloud-init[971]: ci-info: +-------+-------------+---------+-----------+-------+
         Starting Accounts Service...
[[0;32m  OK  [0m] Started MailHog Service.
[[0;32m  OK  [0m] Started D-Bus System Message Bus.
[[0;32m  OK  [0m] Started Regular background program processing daemon.
         Starting Snappy daemon...
         Starting Login Service...
         Starting /etc/rc.local Compatibility...
         Starting System Logging Service...
[[0;32m  OK  [0m] Started ACPI event daemon.
         Starting LSB: MD monitoring daemon...
         Starting LSB: Record successful boot for GRUB...
[[0;32m  OK  [0m] Started Unattended Upgrades Shutdown.
         Starting Virtualbox guest utils...
         Starting OpenBSD Secure Shell server...
         Starting LXD - container startup/shutdown...
[[0;32m  OK  [0m] Started /etc/rc.local Compatibility.
         Starting Authenticate and Authorize Users to Run Privileged Tasks...
[[0;32m  OK  [0m] Started Login Service.
[[0;32m  OK  [0m] Started LSB: Record successful boot for GRUB.
[[0;32m  OK  [0m] Started iSCSI initiator daemon (iscsid).
         Starting Login to default iSCSI targets...
[[0;32m  OK  [0m] Started System Logging Service.
[[0;32m  OK  [0m] Started LSB: MD monitoring daemon.
[[0;32m  OK  [0m] Started Authenticate and Authorize Users to Run Privileged Tasks.
[[0;32m  OK  [0m] Started Accounts Service.
[[0;32m  OK  [0m] Started Login to default iSCSI targets.
[[0;32m  OK  [0m] Reached target Remote File Systems (Pre).
[[0;32m  OK  [0m] Reached target Remote File Systems.
         Starting LSB: Set the CPU Frequency Scaling governor to "ondemand"...
         Starting LSB: automatic crash report generation...
         Starting Permit User Sessions...
         Starting LSB: daemon to balance interrupts for SMP systems...
[[0;32m  OK  [0m] Started LSB: Set the CPU Frequency Scaling governor to "ondemand".
[[0;32m  OK  [0m] Started Virtualbox guest utils.
[[0;32m  OK  [0m] Started Permit User Sessions.
         Starting Terminate Plymouth Boot Screen...
         Starting Hold until boot process finishes up...
[[0;32m  OK  [0m] Started LSB: automatic crash report generation.
[[0;32m  OK  [0m] Started LSB: daemon to balance interrupts for SMP systems.
[[0;32m  OK  [0m] Started Terminate Plymouth Boot Screen.
[[0;32m  OK  [0m] Started Hold until boot process finishes up.
         Starting Set console scheme...
[[0;32m  OK  [0m] Started Getty on tty1.
[[0;32m  OK  [0m] Started Serial Getty on ttyS0.
[[0;32m  OK  [0m] Reached target Login Prompts.
[[0;32m  OK  [0m] Started Set console scheme.
[[0;32m  OK  [0m] Started OpenBSD Secure Shell server.
[[0;32m  OK  [0m] Started LXD - container startup/shutdown.
[[0;32m  OK  [0m] Started Snappy daemon.
         Starting Wait until snapd is fully seeded...
[[0;32m  OK  [0m] Started Wait until snapd is fully seeded.
         Starting Apply the settings specified in cloud-config...
[[0;32m  OK  [0m] Reached target Multi-User System.
[[0;32m  OK  [0m] Reached target Graphical Interface.
         Starting Update UTMP about System Runlevel Changes...
[[0;32m  OK  [0m] Started Update UTMP about System Runlevel Changes.
[   26.428938] cloud-init[1210]: Cloud-init v. 18.3-9-g2e62cb8a-0ubuntu1~16.04.2 running 'modules:config' at Wed, 21 Nov 2018 14:18:40 +0000. Up 25.85 seconds.
[[0;32m  OK  [0m] Started Apply the settings specified in cloud-config.
         Starting Execute cloud user/final scripts...
[[0;32m  OK  [0m] Created slice User Slice of vagrant.
         Starting User Manager for UID 1000...
[[0;32m  OK  [0m] Started Session 1 of user vagrant.
[[0;32m  OK  [0m] Started User Manager for UID 1000.
[   28.172086] cloud-init[1225]: Cloud-init v. 18.3-9-g2e62cb8a-0ubuntu1~16.04.2 running 'modules:final' at Wed, 21 Nov 2018 14:18:42 +0000. Up 27.53 seconds.
[   28.178049] cloud-init[1225]: Cloud-init v. 18.3-9-g2e62cb8a-0ubuntu1~16.04.2 finished at Wed, 21 Nov 2018 14:18:42 +0000. Datasource DataSourceNoCloud [seed=/dev/sdb][dsmode=net].  Up 28.15 seconds

Ubuntu 16.04.5 LTS ubuntu-xenial ttyS0

ubuntu-xenial login: [  OK  ] Started ACPI event daemon.
[  OK  ] Started Trigger resolvconf update for networkd DNS.
[  OK  ] Started ACPI event daemon.
[  OK  ] Started ACPI event daemon.
[  OK  ] Started ACPI event daemon.
[  OK  ] Started ACPI event daemon.
         Stopping udev Kernel Device Manager...
[  OK  ] Stopped udev Kernel Device Manager.
[  OK  ] Started ACPI event daemon.
[  OK  ] Started ACPI event daemon.
[  OK  ] Stopped udev Kernel Device Manager.
         Starting udev Kernel Device Manager...
[  OK  ] Started udev Kernel Device Manager.
[  OK  ] Started ACPI event daemon.
[  OK  ] Started ACPI event daemon.
[  OK  ] Started ACPI event daemon.
         Stopping OpenBSD Secure Shell server...
[  OK  ] Stopped OpenBSD Secure Shell server.
         Starting OpenBSD Secure Shell server...
[  OK  ] Started OpenBSD Secure Shell server.
[  OK  ] Started Daily apt upgrade and clean activities.
