[    0.000000] Initializing cgroup subsys cpuset
[    0.000000] Initializing cgroup subsys cpu
[    0.000000] Initializing cgroup subsys cpuacct
[    0.000000] Linux version 4.4.0-139-generic (buildd@lcy01-amd64-006) (gcc version 5.4.0 20160609 (Ubuntu 5.4.0-6ubuntu1~16.04.10) ) #165-Ubuntu SMP Wed Oct 24 10:58:50 UTC 2018 (Ubuntu 4.4.0-139.165-generic 4.4.160)
[    0.000000] Command line: BOOT_IMAGE=/boot/vmlinuz-4.4.0-139-generic root=LABEL=cloudimg-rootfs ro console=tty1 console=ttyS0
[    0.000000] KERNEL supported cpus:
[    0.000000]   Intel GenuineIntel
[    0.000000]   AMD AuthenticAMD
[    0.000000]   Centaur CentaurHauls
[    0.000000] x86/fpu: xstate_offset[2]:  576, xstate_sizes[2]:  256
[    0.000000] x86/fpu: Supporting XSAVE feature 0x01: 'x87 floating point registers'
[    0.000000] x86/fpu: Supporting XSAVE feature 0x02: 'SSE registers'
[    0.000000] x86/fpu: Supporting XSAVE feature 0x04: 'AVX registers'
[    0.000000] x86/fpu: Enable xstate features 0x7, context size is 832 bytes, using 'standard' format.
[    0.000000] e820: BIOS-provided physical RAM map:
[    0.000000 BIOS-e820: [mem 0x0000000000000000-0x000000000009fbff] usable
[    0.000000] BIOS-e820: [mem 0x000000000009fc00-0x000000000009ffff] reserved
[    0.000000] BIOS-e820: [mem 0x00000000000f0000-0x00000000000fffff] reserved
[    0.000000] BIOS-e820: [mem 0x0000000000100000-0x000000003ffeffff] usable
[    0.000000] BIOS-e820: [mem 0x000000003fff0000-0x000000003fffffff] ACPI data
[    0.000000] BIOS-e820: [mem 0x00000000fec00000-0x00000000fec00fff] reserved
[    0.000000] BIOS-e820: [mem 0x00000000fee00000-0x00000000fee00fff] reserved
[    0.000000] BIOS-e820: [mem 0x00000000fffc0000-0x00000000ffffffff] reserved
[    0.000000] NX (Execute Disable) protection: active
[    0.000000] SMBIOS 2.5 present.
[    0.000000] Hypervisor detected: KVM
[    0.000000] e820: last_pfn = 0x3fff0 max_arch_pfn = 0x400000000
[    0.000000] MTRR: Disabled
[    0.000000] x86/PAT: MTRRs disabled, skipping PAT initialization too.
[    0.000000] CPU MTRRs all blank - virtualized syem.
[    0.000000] x86/PAT: Configuration [0-7]: WB  WT  UC- UC  WB  WT  UC- UC  
[    0.000000] found SMP MP-table at [mem 0x0009fff0-0x0009ffff] mapped at [ffff88000009fff0]
[    0.000000] Scanning 1 areas for low memory corruuption
[    0.000000] RAMDISK: [mem 0x3630a000-0x3717cfff]
[    0.000000] ACPI: Early table checksum verification disabled
[    0.000000] ACPI: RSDP 0x00000000000E0000 000024 (v02 VBOX  )
[    0.000000] ACPI XSDT 0x000000003FFF0030 00003C (v01 VBOX   VBOXXSDT 00000001 ASL  00000061)
[    0.000000] ACPI: FACP 0x000000003FFF00F0 0000F4 (v04 VBOX   VBOXFACP 00000001 ASL  00000061)
[    0.000000] ACPI: DSDT 0x000000003FFF0470 0021FF (v02 VBOX   VBOXBIOS 00000002 INTL 20100528)
[    0.000000] ACPI: FACS 0x000000003FFF0200 000040
[    0.000000] ACPI: FACS 0x000000003FFF0200 000040
[    0.000000] ACPI: APIC 0x000000003FFF0240 00005C (v02 VBOX   VBOXAPIC 00000001 ASL  00000061)
[    0.000000] ACPI: SSDT 0x000000003FFF02A0 0001CC (v01 VBOX   VBOXCPUT 00000002 INTL 20100528)
[    0.000000] No NUMA configuration found
[    0.000000] Faking a node at [mem 0x0000000000000000-0x000000003ffeffff]
[    0.000000] NODE_DATA(0) allocated [mem 0x3ffeb000-0x3ffeffff]
[    0.000000] kvm-clock: Using msrs 4b564d01 and 4b564d00
[    0.000000] kvm-clock: cpu 0, msr 0:3ffe3001, primary cpu clock
[    0.000000] kvm-clock: using sched offset of 3659862420 cycles
[    0.000000] clocksource: kvm-clock: mask: 0xffffffffffffffff max_cycles: 0x1cd42e4dffb, max_idle_ns: 881590591483 ns
[    0.000000] Zone ranges:
[    0.000000]   DMA      [mem 0x0000000000001000-0x0000000000ffffff]
[    0.000000]   DMA32    [mem 0x0000000001000000-0x000000003ffeffff]
[    0.000000]   Normal   empty
[    0.000000]   Device   empty
[    0.000000] Movable zone start for each node
[    0.000000] Early memory node ranges
[    0.000000]   node   0: [mem 0x0000000000001000-0x000000000009efff]
[    0.000000]   node   0: [mem 0x0000000000100000-0x000000003ffeffff]
[    0.000000] Initmem setup node 0 [mem 0x0000000000001000-0x000000003ffeffff]
[    0.000000] ACPI: PM-Timer IO Port: 0x4008
[    0.000000] IOAPIC[0]: apic_id 2, version 32, address 0xfec00000, GSI 0-23
[    0.000000] ACPI: INT_SRC_OVR (bus 0 bus_irq 0 global_irq 2 dfl dfl)
[    0.000000] ACPI: INT_SRC_OVR (bus 0 bus_irq 9 global_irq 9 low level)
[    0.000000] Using ACPI (MADT) forr SMP configuration information
[    0.000000] smpboot: Allowing 2 CPUs, 0 hotplug CPUs
[    0.000000] PM: Registered nosave memory: [mem 0x00000000-0x00000fff]
[    0.000000] PM: Registered nosave memory: [mem 0x0009f000-0x0009ffff]
[    0.000000] PM: Registered nosave memory: [mem 0x000a0000-0x000effff]
[    0.000000] PM: Registered nosave memory: [mem 0x000f0000-0x000fffff]
[    0.000000] e820: [mem 0x40000000-0xfebfffff] available for PCI devices
[    0.000000] Booting paravirtualized kernel on KVM
[    0.000000] clocksource: refined-jiffies: mask: 0xffffffff max_cycles: 0xffffffff, max_idle_ns: 7645519600211568 ns
[    0.000000] setup_percpu: NR_CPUS:512 nr_cpumask_bits:512 nr_cpu_ids:2 nr_node_ids:1
[    0.000000] PERCPU: Embedded 34 pages/cpu @ffff88003fc00000 s99608 r8192 d31464 u1048576
[    0.000000] PV qspinlock hash table entries: 256 (order: 0, 4096 bytes)
[    0.000000] Built 1 zonelists in Node order, mobility grouping on.  Total pages: 257912
[    0.000000] Policy zone: DMA32
[    0.000000] Kernel command line: BOOT_IMAGE=/boot/vmlinuz-4.4.0-139-generic root=LABEL=cloudimg-rootfs ro console=tty1 console=ttyS0
[    0.000000] PID hash table entries: 4096 (order: 3, 32768 bytes)
[    0.000000] Memory: 997708K/1048120K available (8564K kernel code, 1314K rwdata, 4004K rodata, 1528K init, 1316K bss, 50412K reserved, 0K cma-reserved)
[    0.000000] SLUB: HWalign=64, Order=0-3, MinObjects=0, CPUs=2, Nodes=1
[    0.000000] Kernel/User page tables isolation: enabled
[    0.000000] Hierarchical RCU implementation.
[    0.000000] 	Build-time adjustment of leaf fanout to 64.
[    0.000000] 	RCU restricting CPUs from NR_CPUS=512 to nr_cpu_ids=2.
[    0.000000] RCU: Adjusting geometry for rcu_fanout_leaf=64, nr_cpu_ids=2
[    0.000000] NR_IRQS:33024 nr_irqs:440 16
[    0.000000] Console: colour VGA+ 80x25
[    0.000000] console [tty1] enabled
[    0.000000] console [ttyS0] enabled
[    0.000000] tsc: Detected 2807.996 MHz processor
[    0.323828] Calibrating delay loop (skipped) preset value.. 5615.99 BogoMIPS (lpj=11231984)
[    0.326004] pid_max: default: 32768 minimum: 301
[    0.327367] ACPI: Core revision 20150930
[    0.331088] ACPI: 2 ACPI AML tables successfully acquired and loaded
[    0.332820] Security Framework initialized
[    0.333858] Yama: becoming mindful.
[    0.334932] AppArmor: AppArmor initialized
[    0.336088] Dentry cache hash table entries: 131072 (order: 8, 1048576 bytes)
[    0.339708] Inode-cache hash table entries: 65536 (order: 7, 524288 bytes)
[    0.341626] Mount-cache hash table entries: 2048 (order: 2, 16384 bytes)
[    0.343261] Mountpoint-cache hash table entries: 2048 (order: 2, 16384 bytes)
[    0.345472] Initializing cgroup subsys io
[    0.353766] Initializing cgroup subsys memory
[    0.355018] Initializing cgroup subsys devices
[    0.356328] Initializing cgroup subsys freezer
[    0.357608] Initializing cgroup subsys net_cls
[    0.358994] Initializing cgroup subsys perf_event
[    0.360693] Initializing cgroup subsys net_prio
[    0.362302] Initializing cgroup subsys hugetlb
[    0.363713] Initializing cgroup subsys pids
[    0.365910] mce: CPU supports 0 MCE banks
[    0.367003] Last level iTLB entries: 4KB 64, 2MB 8, 4MB 8
[    0.368547] Last level dTLB entries: 4KB 64, 2MB 0, 4MB 0, 1GB 4
[    0.370170] Spectre V2 : Mitigation: Full generic retpoline
[    0.371670] Spectre V2 : Spectre v2 mitigation: Speculation control IBPB not-supported IBRS not-supported
[    0.373968] Spectre V2 : Spectre v2 / SpectreRSB mitigation: Filling RSB on context switch
[    0.376555] Speculative Store Bypass: Vulnerable
[    0.380983] Freeing SMP alternatives memory: 32K
[    0.391217] ftrace: allocating 32278 entries in 127 pages
[    0.457629] smpboot: APIC(0) Converting physical 0 to logical package 0
[    0.466531] smpboot: Max logical packages: 1
[    0.468207] x2apic enabled
[    0.469470] Switched APIC routing to physical x2apic.
[    0.472354] ..TIMER: vector=0x30 apic1=0 pin1=2 apic2=-1 pin2=-1
[    0.579553] smpboot: CPU0: Intel(R) Core(TM) i7-6600U CPU @ 2.60GHz (family: 0x6, model: 0x4e, stepping: 0x3)
[    0.592698] Performance Events: unsupported p6 CPU model 78 no PMU driver, software events only.
[    0.609378] KVM setup paravirtual spinlock
[    0.620011] x86: Booting SMP configuration:
[    0.622518] .... node  #0, CPUs:      #1
[    0.636293] kvm-clock: cpu 1, msr 0:3ffe3041, secondary cpu clock
[    0.638833] mce: CPU supports 0 MCE banks
[    0.641707] x86: Booted up 1 node, 2 CPUs
[    0.643602] smpboot: Total of 2 processors activated (11231.98 BogoMIPS)
[    0.647748] devtmpfs: initialized
[    0.651733] evm: security.selinux
[    0.652909] evm: security.SMACK64
[    0.654126] evm: security.SMACK64EXEC
[    0.655259] evm: security.SMACK64TRANSMUTE
[    0.659686] evm: security.SMACK64MMAP
[    0.661218] evm: security.ima
[    0.662464] evm: security.capability
[    0.668280] clocksource: jiffies: mask: 0xffffffff max_cycles: 0xffffffff, max_idle_ns: 7645041785100000 ns
[    0.670996] futex hash table entries: 512 (order: 3, 32768 bytes)
[    0.672807] pinctrl core: initialized pinctrl subsystem
[    0.674416] RTC time:  2:46:07, date: 12/21/18
[    0.676022] NET: Registered protocol family 16
[    0.689800] cpuidle: using governor ladder
[    0.707994] cpuidle: using governor menu
[    0.717283] PCCT header not found.
[    0.719491] ACPI: bus type PCI registered
[    0.728602] acpiphp: ACPI Hot Plug PCI Controller Driver version: 0.5
[    0.731014] PCI: Using configuration type 1 for base access
[    0.745821] ACPI: Added _OSI(Module Device)
[    0.747027] ACPI: Added _OSI(Processor Device)
[    0.755035] ACPI: Added _OSI(3.0 _SCP Extensions)
[    0.758070] ACPI: Added _OSI(Processor Aggregator Device)
[    0.762513] ACPI: Executed 1 blocks of module-level executable AML code
[    0.777586] ACPI: Interpreter enabled
[    0.780444] ACPI: (supports S0 S5)
[    0.783222] ACPI: Using IOAPIC for interrupt routing
[    0.786580] PCI: Using host bridge windows from ACPI; if necessary, use "pci=nocrs" and report a bug
[    0.795552] ACPI: PCI Root Bridge [PCI0] (domain 0000 [bus 00-ff])
[    0.817901] acpi PNP0A03:00: _OSC: OS supports [ASPM ClockPM Segments MSI]
[    0.820546] acpi PNP0A03:00: _OSC: not requesting OS control; OS requires [ExtendedConfig ASPM ClockPM MSI]
[    0.823856] acpi PNP0A03:00: fail to add MMCONFIG information, can't access extended PCI configuration space under this bridge.
[    0.830923] PCI host bridge to bus 0000:00
[    0.832625] pci_bus 0000:00: root bus resource [io  0x0000-0x0cf7 window]
[    0.834720] pci_bus 0000:00: root bus resource [io  0x0d00-0xffff window]
[    0.843583] pci_bus 0000:00: root bus resource [mem 0x000a0000-0x000bffff window]
[    0.846690] pci_bus 0000:00: root bus resource [mem 0x40000000-0xfdffffff window]
[    0.849078] pci_bus 0000:00: root bus resource [bus 00-ff]
[    0.852885] pci 0000:00:01.1: legacy IDE quirk: reg 0x10: [io  0x01f0-0x01f7]
[    0.854959] pci 0000:00:01.1: legacy IDE quirk: reg 0x14: [io  0x03f6]
[    0.856962] pci 0000:00:01.1: legacy IDE quirk: reg 0x18: [io  0x0170-0x0177]
[    0.859375] pci 0000:00:01.1: legacy IDE quirk: reg 0x1c: [io  0x0376]
[    0.899188] pci 0000:00:07.0: quirk: [io  0x4000-0x403f] claimed by PIIX4 ACPI
[    0.902036] pci 0000:00:07.0: quirk: [io  0x4100-0x410f] claimed by PIIX4 SMB
[    0.910805] ACPI: PCI Interrupt Link [LNKA] (IRQs 5 9 10 *11)
[    0.915334] ACPI: PCI Interrupt Link [LNKB] (IRQs 5 9 *10 11)
[    0.923817] ACPI: PCI Interrupt Link [LNKC] (IRQs 5 *9 10 11)
[    0.926107] ACPI: PCI Interrupt Link [LNKD] (IRQs 5 9 10 *11)
[    0.928976] ACPI: Enabled 2 GPEs in block 00 to 07
[    0.932203] vgaarb: setting as boot device: PCI:0000:00:02.0
[    0.933949] vgaarb: device added: PCI:0000:00:02.0,decodes=io+mem,owns=io+mem,locks=none
[    0.936251] vgaarb: loaded
[    0.937216] vgaarb: bridge control possible 0000:00:02.0
[    0.938924] SCSI subsystem initialized
[    0.940189] ACPI: bus type USB registered
[    0.941372] usbcore: registered new interface driver usbfs
[    0.942962] usbcore: registered new interface driver hub
[    0.944907] usbcore: registered new device driver usb
[    0.949047] PCI: Using ACPI for IRQ routing
[    0.950678] NetLabel: Initializing
[    0.951814] NetLabel:  domain hash size = 128
[    0.953176] NetLabel:  protocols = UNLABELED CIPSOv4
[    0.954717] NetLabel:  unlabeled traffic allowed by default
[    0.956520] amd_nb: Cannot enumerate AMD northbridges
[    0.960317] clocksource: Switched to clocksource kvm-clock
[    0.974716] AppArmor: AppArmor Filesystem Enabled
[    0.976572] pnp: PnP ACPI init
[    0.978979] pnp: PnP ACPI: found 3 devices
[    0.990414] clocksource: acpi_pm: mask: 0xffffff max_cycles: 0xffffff, max_idle_ns: 2085701024 ns
[    0.993320] NET: Registered protocol family 2
[    0.995309] TCP established hash table entries: 8192 (order: 4, 65536 bytes)
[    0.997537] TCP bind hash table entries: 8192 (order: 5, 131072 bytes)
[    0.999235] TCP: Hash tables configured (established 8192 bind 8192)
[    1.000916] UDP hash table entries: 512 (order: 2, 16384 bytes)
[    1.002439] UDP-Lite hash table entries: 512 (order: 2, 16384 bytes)
[    1.004132] NET: Registered protocol family 1
[    1.005388] pci 0000:00:00.0: Limiting direct PCI/PCI transfers
[    1.006969] pci 0000:00:01.0: Activating ISA DMA hang workarounds
[    1.008947] Unpacking initramfs...
[    1.280931] Freeing initrd memory: 14796K
[    1.293157] platform rtc_cmos: registered platform RTC device (no PNP device found)
[    1.309234] Scanning for low memory corruption every 60 seconds
[    1.314696] audit: initializing netlink subsys (disabled)
[    1.317781] audit: type=2000 audit(1545360372.621:1): initialized
[    1.319579] Initialise system trusted keyring
[    1.332753] HugeTLB registered 2 MB page size, pre-allocated 0 pages
[    1.345457] zbud: loaded
[    1.355617] VFS: Disk quotas dquot_6.6.0
[    1.358599] VFS: Dquot-cache hash table entries: 512 (order 0, 4096 bytes)
[    1.374027] squashfs: version 4.0 (2009/01/31) Phillip Lougher
[    1.378514] fuse init (API version 7.23)
[    1.395572] Key type big_key registered
[    1.397116] Allocating IMA MOK and blacklist keyrings.
[    1.415905] Key type asymmetric registered
[    1.417119] Asymmetric key parser 'x509' registered
[    1.418434] Block layer SCSI generic (bsg) driver version 0.4 loaded (major 249)
[    1.420554] io scheduler noop registered
[    1.421615] io scheduler deadline registered (default)
[    1.422936] io scheduler cfq registered
[    1.424069] pci_hotplug: PCI Hot Plug PCI Core version: 0.5
[    1.425742] pciehp: PCI Express Hot Plug Controller Driver version: 0.4
[    1.428325] ACPI: AC Adapter [AC] (on-line)
[    1.445260] input: Power Button as /devices/LNXSYSTM:00/LNXPWRBN:00/input/input0
[    1.456316] ACPI: Power Button [PWRF]
[    1.463595] input: Sleep Button as /devices/LNXSYSTM:00/LNXSLPBN:00/input/input1
[    1.472567] ACPI: Sleep Button [SLPF]
[    1.474783] ACPI: Battery Slot [BAT0] (battery present)
[    1.481713] GHES: HEST is not enabled!
[    1.484859] Serial: 8250/16550 driver, 32 ports, IRQ sharing enabled
[    1.516501] 00:02: ttyS0 at I/O 0x3f8 (irq = 4, base_baud = 115200) is a 16550A
[    1.529718] Linux agpgart interface v0.103
[    1.538280] loop: module loaded
[    1.562532] scsi host0: ata_piix
[    1.565585] scsi host1: ata_piix
[    1.566636] ata1: PATA max UDMA/33 cmd 0x1f0 ctl 0x3f6 bmdma 0xd000 irq 14
[    1.568401] ata2: PATA max UDMA/33 cmd 0x170 ctl 0x376 bmdma 0xd008 irq 15
[    1.584486] libphy: Fixed MDIO Bus: probed
[    1.585656] tun: Universal TUN/TAP device driver, 1.6
[    1.587084] tun: (C) 1999-2004 Max Krasnyansky <maxk@qualcomm.com>
[    1.598338] PPP generic driver version 2.4.2
[    1.599613] ehci_hcd: USB 2.0 'Enhanced' Host Controller (EHCI) Driver
[    1.601281] ehci-pci: EHCI PCI platform driver
[    1.602515] ehci-platform: EHCI generic platform driver
[    1.603924] ohci_hcd: USB 1.1 'Open' Host Controller (OHCI) Driver
[    1.605531] ohci-pci: OHCI PCI platform driver
[    1.606797] ohci-platform: OHCI generic platform driver
[    1.608354] uhci_hcd: USB Universal Host Controller Interface driver
[    1.610956] i8042: PNP: PS/2 Controller [PNP0303:PS2K,PNP0f03:PS2M] at 0x60,0x64 irq 1,12
[    1.647668] serio: i8042 KBD port at 0x60,0x64 irq 1
[    1.649127] serio: i8042 AUX port at 0x60,0x64 irq 12
[    1.652354] mousedev: PS/2 mouse device common for all mice
[    1.654929] input: AT Translated Set 2 keyboard as /devices/platform/i8042/serio0/input/input2
[    1.658359] rtc_cmos rtc_cmos: rtc core: registered rtc_cmos as rtc0
[    1.666142] rtc_cmos rtc_cmos: alarms up to one day, 114 bytes nvram
[    1.667892] i2c /dev entries driver
[   .670534] device-mapper: uevent: version 1.0.3

[    1.726123] device-mapper: ioctl: 4.34.0-ioctl (2015-10-28) initialised: dm-devel@redhat.com
[    1.729160] ledtrig-cpu: registered to indicate activity on CPUs
[    1.733205] NET: Registered protocol family 10
[    1.748546] NET: Registered protocol family 17
[    1.758557] Key type dns_resolver registered
[    1.762775] registered taskstats version 1
[    1.765516] Loading compiled-in X.509 certificates
[    1.767389] Loaded X.509 cert 'Build time autogenerated kernel key: a88b0f663ecfd40e6a501dee2f0b211d51902e35'
[    1.792238] zswap: loaded using pool lzo/zbud
[    1.802248] Key type trusted registered
[    1.807408] Key type encrypted registered
[    1.814382] AppArmor: AppArmor sha1 policy hashing enabled
[    1.843336] ima: No TPM chip found, activating TPM-bypass!
[    1.858446] ima: Allocated hash algorithm: sha1
[    1.860293] evm: HMAC attrs: 0x1
[    1.864159]   Magic number: 14:61:764
[    1.865192] event_source breakpoint: hash matches
[    1.866397] rtc_cmos rtc_cmos: setting system clock to 2018-12-21 02:46:08 UTC (1545360368)
[    1.868527] BIOS EDD facility v0.16 2004-Jun-25, 0 devices found
[    1.869914] EDD information not available.
[    1.872202] Freeing unused kernel memory: 1528K
[    1.884851] Write protecting the kernel read-only data: 14336k
[    1.888247] Freeing unused kernel memory: 1664K
[    1.890867] Freeing unused kernel memory: 92K
Loading, please wait...
starting version[    1.908421] random: systemd-udevd: uninitialized urandom read (16 bytes read, 3 bits of entropy available)
 229
[    1.908978] random: udevadm: uninitialized urandom read (16 bytes read, 3 bits of entropy available)
[    1.908994] random: udevadm: uninitialized urandom read (16 bytes read, 3 bits of entropy available)
[    1.918716] random: udevadm: uninitialized urandom read (16 bytes read, 3 bits of entropy available)
[    1.918767] random: udevadm: uninitialized urandom read (16 bytes read, 3 bits of entropy available)
[    1.918972] random: udevadm: uninitialized urandom read (16 bytes read, 3 bits of entropy available)
[    1.919039] random: udevadm: uninitialized urandom read (16 bytes read, 3 bits of entropy available)
[    1.919102] random: udevadm: uninitialized urandom read (16 bytes read, 3 bits of entropy available)
[    1.919172] random: udevadm: uninitialized urandom read (16 bytes read, 3 bits of entropy available)
[    1.919238] random: udevadm: uninitialized urandom read (16 bytes read, 3 bits of entropy available)
[    2.023098] e1000: Intel(R) PRO/1000 Network Driver - version 7.3.21-k8-NAPI
[    2.025020] e1000: Copyright (c) 1999-2006 Intel Corporation.
[    2.033823] Fusion MPT base driver 3.04.20
[    2.035030] Copyright (c) 1999-2008 LSI Corporation
[    2.039729] Fusion MPT SPI Host driver 3.04.20
[    2.057150] AVX2 version of gcm_enc/dec engaged.
[    2.064869] AES CTR mode by8 optimization enabled
[    2.247961] input: ImExPS/2 Generic Explorer Mouse as /devices/platform/i8042/serio1/input/input4
[    2.292375] tsc: Refined TSC clocksource calibration: 2809.003 MHz
[    2.299382] clocksource: tsc: mask: 0xffffffffffffffff max_cycles: 0x287d7968897, max_idle_ns: 440795275338 ns
[    2.458032] e1000 0000:00:03.0 eth0: (PCI:33MHz:32-bit) 02:48:37:b8:a5:68
[    2.466476] e1000 0000:00:03.0 eth0: Intel(R) PRO/1000 Network Connection
[    2.471786] e1000 0000:00:03.0 enp0s3: renamed from eth0
[    2.496815] mptbase: ioc0: Initiating bringup
[    3.009062] ioc0: LSI53C1030 A0: Capabilities={Initiator}
[    3.401492] scsi host2: ioc0: LSI53C1030 A0, FwRev=00000000h, Ports=1, MaxQ=256, IRQ=20
[    4.284121] scsi 2:0:0:0: Direct-Access     VBOX     HARDDISK         1.0  PQ: 0 ANSI: 5
[    4.311051] scsi target2:0:0: Beginning Domain Validation
[    4.315631] scsi target2:0:0: Domain Validation skipping write tests
[    4.317083] scsi target2:0:0: Ending Domain Validation
[    4.318474] scsi target2:0:0: asynchronous
[    4.320435] scsi 2:0:1:0: Direct-Access     VBOX     HARDDISK         1.0  PQ: 0 ANSI: 5
[    4.322638] scsi target2:0:1: Beginning Domain Validation
[    4.327411] scsi target2:0:1: Domain Validation skipping write tests
[    4.362137] scsi target2:0:1: Ending Domain Validation
[    4.369925] scsi target2:0:1: asynchronous
[    4.382657] sd 2:0:0:0: Attached scsi generic sg0 type 0
[    4.382659] sd 2:0:0:0: [sda] 20971520 512-byte logical blocks: (10.7 GB/10.0 GiB)
[    4.382855] sd 2:0:0:0: [sda] Write Protect is off
[    4.382979] sd 2:0:0:0: [sda] Incomplete mode parameter data
[    4.382981] sd 2:0:0:0: [sda] Assuming drive cache: write through
[    4.386162]  sda: sda1
[    4.386861] sd 2:0:0:0: [sda] Attached SCSI disk
[    4.426423] sd 2:0:1:0: [sdb] 20480 512-byte logical blocks: (10.5 MB/10.0 MiB)
[    4.428749] sd 2:0:1:0: Attached scsi generic sg1 type 0
[    4.428890] sd 2:0:1:0: [sdb] Write Protect is off
[    4.428997] sd 2:0:1:0: [sdb] Incomplete mode parameter data
[    4.428999] sd 2:0:1:0: [sdb] Assuming drive cache: write through
[    4.432101] sd 2:0:1:0: [sdb] Attached SCSI disk
Begin: Loading essential drivers[    5.946770] md: linear personality registered for level -1
 ... [    5.961597] md: multipath personality registered for level -4
[    5.983175] md: raid0 personality registered for level 0
[    5.996509] md: raid1 personality registered for level 1
[    6.076453] raid6: sse2x1   gen()  9584 MB/s
[    6.144868] raid6: sse2x1   xor()  7684 MB/s
[    6.217079] raid6: sse2x2   gen() 12428 MB/s
[    6.288334] raid6: sse2x2   xor()  8856 MB/s
[    6.356327] raid6: sse2x4   gen() 12077 MB/s
[    6.428905] raid6: sse2x4   xor()  7290 MB/s
[    6.516709] raid6: avx2x1   gen() 20708 MB/s
[    6.617251] raid6: avx2x2   gen() 22807 MB/s
[    6.684569] raid6: avx2x4   gen() 25434 MB/s
[    6.685888] raid6: using algorithm avx2x4 gen() 25434 MB/s
[    6.693653] raid6: using avx2x2 recovery algorithm
[    6.696184] xor: automatically using best checksumming function:
[    6.744629]    avx       : 25628.000 MB/sec
[    6.758640] async_tx: api initialized (async)
[    6.774097] md: raid6 personality registered for level 6
[    6.790370] md: raid5 personality registered for level 5
[    6.797937] md: raid4 personality registered for level 4
[    6.804996] md: raid10 personality registered for level 10
done.
Begin: Running /scripts/init-premount ... done.
Begin: Mounting root file system ... Begin: Running /scripts/local-top ... done.
Begin: Running /scripts/local-premount ... [    6.850700] Btrfs loaded
Scanning for Btrfs filesystems
done.
Warning: fsck not present, so sk[    6.895952] EXT4-fs (sda1): mounted filesystem with ordered data mode. Opts: (null)
ipping root file system
done.
Begin: Running /scripts/local-bottom ... done.
Begin: Running /scripts/init-bottom ... done.
[    7.031255] systemd[1]: systemd 229 running in system mode. (+PAM +AUDIT +SELINUX +IMA +APPARMOR +SMACK +SYSVINIT +UTMP +LIBCRYPTSETUP +GCRYPT +GNUTLS +ACL +XZ -LZ4 +SECCOMP +BLKID +ELFUTILS +KMOD -IDN)
[    7.043793] systemd[1]: Detected virtualization oracle.
[   7052826] systemd[1]: Detected arcteture x86-64.

Welcome to [1mUbuntu 16.04.5 LTS[0m!

[    7.335566] systemd[1]: Set hostname to <ubuntu>.
[    7.347638] systemd[1]: Initializing machine ID from random generator.
[   7.369541] systemd[1]: Installed transient /etc/machine-id file.
[    7.570573] systemd[1]: Listening on Journal Audit Socket.
[[0;32m  OK  [0m] Listening on Journal Audit Socket.
[    7.574622] systemd[1]: Created lice System Slice.
[[0;32m  OK  [0m] Created slice System Slice.
[    7.604560] systemd[1]: Listening on udev Control Socket.
[[0;32m  OK  [0m] Listening on udev Control Socket.
[    7.608356] systemd[1]: Started Forward Password Requests to Wall Directory Watch.
[[0;32m  OK  [0m] Started Forward Password Requests to Wall Directory Watch.
[    7.612685] systemd[1]: Created slice system-serial\x2dgetty.slice.
[[0;32m  OK  [0m] Created slice system-serial\x2dgetty.slice.
[    7.615944] systemd[1]: Listening on Device-mapper event daemon FIFOs.
[[0;32m  OK  [0m] Listening on Device-mapper event daemon FIFOs.
[    7.619300] systemd[1]: Listening on LVM2 metadata daemon socket.
[[0;32m  OK  [0m] Listening on LVM2 metadata daemon socket.
[    7.623675systemd[1]: Set up automount Arbitrary Executable File Formats File System Automount Point.
[[0;32m  OK  [0m] Set up automount Arbitrary Executab...ats File System Automount Point.
[    7.682806] systemd[1]: Reached target System Time Synchronized.
[[0;32m  OK  [0m] Reached target System Time Synchronized.
[    7.686758] systemd[1]: Listening on LVM2 poll daemon socket.
[[0;32m  OK  [0m] Listening on LVM2 poll daemon socket.
[    7.691052] systemd[1]: Reached target Encrypted Volumes.
[[0;32m  OK  [0m] Reached target Encrypted Volumes.
[    7.694597] systemd[1]: Started Trigger resolvconf update for networkd DNS.
[[0;32m  OK  [0m] Started Trigger resolvconf update for networkd DNS.
[    7.698782] systemd[1]: Listening on udev Kernel Socket.
[[0;32m  OK  [0m] Listening on udev Kernel Socket.
[    7.702186] systemd[1]: Listening on Syslog Socket.
[[0;32m  OK  [0m] Listening on Syslog Socket.
[    7.705505] systemd[1]: Reached target User and Group Name Lookups.
[[0;32m  OK  [0m] Reached target User and Group Name Lookups.
[    7.709627] systemd[1]: Listening on Journal Socket (/dev/log).
[[0;32m  OK  [0m] Listening on Journal Socket (/dev/log).
[    7.713133] systemd[1]: Listening on /dev/initctl Compatibility Named Pipe.
[[0;32m  OK  [0m] Listening on /dev/initctl Compatibility Named Pipe.
[    7.716798] systemd[1]: Listening on Journal Socket.
[[0;32m  OK  [0m] Listening on Journal Socket.

[    7.732606] systemd[1]: Starting Monitoring of LVM2 mirrors, snapshots etc. using dmeventd or progress polling...
         Starting Monitoring of LVM2 mirrors... dmeventd or progress polling...
[    7.747227] systemd[1]: Starting Load Kernel Modules...
         Starting Load Kernel Modules...
[    7.752006] systemd[1]: Mounting Huge Pages File System...
         Mounting Huge Pa[    7.768284] Loading iSCSI transport class v2.0-870.
ges File System...
[    7.783505] systemd[1]: Starting Uncomplicated firewall...
[    7.797308] random: nonblocking pool is initialized
         Starting Uncomplicated firewall...
[    7.801356] systemd[1]: Mounting Debug File System...
         Mounting Debug File System...
[    7.805774] systemd[1]: Starting Nameserver information manager...
         Starting Nameser[    7.815596] iscsi: registered transport (tcp)
ver information manager...
[    7.819291] systemd[1]: Starting Journal Service...
         Starting Journal Service...
[    7.827114] systemd[1]: Mounting POSIX Message Queue File System...
         Mounting POSIX Message Queue File System...
[    7.831237] systemd[1]: Starting Remount Root and Kernel File Systems...
         Starting Remount[    7.843497] EXT4-fs (sda1): re-mounted. Opts: (null)
 Root and Kernel File Systems...
[    7.870019] systemd[1]: Starting Set console keymap...
         Starting Set console keymap...
[    7.876929] systemd[1]: Reached target Swap.
[[0;32m  OK  [0m] Reached target Swap.
[    7.880554] systemd[1]: Created slice User and Session Slice.
[[0;32m  OK  [0m] Created slice User and Session Slice.
[    7.894310] systemd[1]: Reached target Slices.
[[0;32m  OK  [0m] Reached target Slices.
[    7.906529] iscsi: registered transport (iser)
[    7.909017] systemd[1]: Starting Create list of required static device nodes for the current kernel...
         Starting Create list of required st... nodes for the current kernel...
[    7.922679] systemd[1]: Mounted POSIX Message Queue File System.
[[0;32m  OK  [0m] Mounted POSIX Message Queue File System.
[    7.926271] systemd[1]: Mounted Debug File System.
[[0;32m  OK  [0m] Mounted Debug File System.
[    7.929676] systemd[1]: Mounted Huge Pages File System.
[[0;32m  OK  [0m] Mounted Huge Pages File System.
[    7.933114] systemd[1]: Started Journal Service.
[[0;32m  OK  [0m] Started Journal Service.
[[0;32m  OK  [0m] Started Load Kernel Modules.
[[0;32m  OK  [0m] Started Uncomplicated firewall.
[[0;32m  OK  [0m] Started Remount Root and Kernel File Systems.
[[0;32m  OK  [0m] Started Create list of required sta...ce nodes for the current kernel.
[[0;32m  OK  [0m] Started Nameserver information manager.
[[0;32m  OK  [0m] Started Set console keymap.
[[0;32m  OK  [0m] Started LVM2 metadata daemon.
         Starting Create Static Device Nodes in /dev...
         Starting udev Coldplug all Devices...
         Starting Load/Save Random Seed...
         Starting Apply Kernel Variables...
         Mounting FUSE Control File System...
         Starting Flush Journal to Persistent Storage...
[[0;32m  OK  [0m] Mounted FUSE Control File System.
[[0;32m  OK  [0m] Started Create Static Device Nodes in /dev.
[[0;32m  OK  [0m] Started Load/Save Random Seed.
[[0;32m  OK  [0m] Started Apply Kernel Variables.
[[0;32m  OK  [0m] Started udev Coldplug all Devices.
         Starting udev Kernel Device Manager...
[[0;32m  OK  [0m] Started Flush Journal to Persistent Storage.
[[0;32m  OK  [0m] Started udev Kernel Device Manager.
[[0;32m  OK  [0m] Started Dispatch Password Requests to Console Directory Watch.
[[0;32m  OK  [0m] Found device /dev/ttyS0.
[[0;32m  OK  [0m] Listening on Load/Save RF Kill Switch Status /dev/rfkill Watch.
[[0;32m  OK  [0m] Started Monitoring of LVM2 mirrors,...ng dmeventd or progress polling.
[[0;32m  OK  [0m] Reached target Local File Systems (Pre).
[[0;32m  OK  [0m] Reached target Local File Systems.
         Starting Initial cloud-init job (pre-networking)...
         Starting LSB: AppArmor initialization...
         Starting Commit a transient machine-id on disk...
         Starting Create Volatile Files and Directories...
         Starting Set console font and keymap...
         Starting Tell Plymouth To Write Out Runtime Data...
[[0;32m  OK  [0m] Started Commit a transient machine-id on disk.
[[0;32m  OK  [0m] Started Create Volatile Files and Directories.
[[0;32m  OK  [0m] Started Tell Plymouth To Write Out Runtime Data.
         Starting Update UTMP about System Boot/Shutdown...
[[0;32m  OK  [0m] Started Update UTMP about System Boot/Shutdown.
[[0;32m  OK  [0m] Started Set console font and keymap.
[[0;32m  OK  [0m] Created slice system-getty.slice.
[   10.352730] cloud-init[587]: Cloud-init v. 18.4-0ubuntu1~16.04.2 running 'init-local' at Fri, 21 Dec 2018 02:46:16 +0000. Up 9.63 seconds.
[[0;32m  OK  [0m] Started Initial cloud-init job (pre-networking).
[[0;32m  OK  [0m] Reached target Network (Pre).
[[0;32m  OK  [0m] Started LSB: AppArmor initialization.
         Starting Raise network interfaces...
[[0;32m  OK  [0m] Started Raise network interfaces.
[[0;32m  OK  [0m] Reached target Network.
         Starting Initial cloud-init job (metadata service crawler)...
[   12.742367] cloud-init[934]: Cloud-init v. 18.4-0ubuntu1~16.04.2 running 'init' at Fri, 21 Dec 2018 02:46:19 +0000. Up 11.88 seconds.
[   12.750920] cloud-init[934]: ci-info: ++++++++++++++++++++++++++++++++++++++Net device info++++++++++++++++++++++++++++++++++++++
[   12.754410] cloud-init[934]: ci-info: +--------+------+----------------------------+---------------+--------+-------------------+
[   12.757724] cloud-init[934]: ci-info: | Device |  Up  |          Address           |      Mask     | Scope  |     Hw-Address    |
[   12.782585] cloud-init[934]: ci-info: +--------+------+----------------------------+---------------+--------+-------------------+
[   12.802426] cloud-init[934]: ci-info: | enp0s3 | True |         10.0.2.15          | 255.255.255.0 | global | 02:48:37:b8:a5:68 |
[   12.813922] cloud-init[934]: ci-info: | enp0s3 | True | fe80::48:37ff:feb8:a568/64 |       .       |  link  | 02:48:37:b8:a5:68 |
[   12.819955] cloud-init[934]: ci-info: |   lo   | True |         127.0.0.1          |   255.0.0.0   |  host  |         .         |
[   12.822365] cloud-init[934]: ci-info: |   lo   | True |          ::1/128           |       .       |  host  |         .         |
[[0;32m  OK  [0m] Started Initial cloud-init job (metadata service crawler).
[   12.832210] cloud-init[934]: ci-info: +--------+------+----------------------------+---------------+--------+-------------------+
[   12.871819] cloud-init[934]: ci-info: +++++++++++++++++++++++++++Route IPv4 info++++++++++++++++++++++++++++
[   12.876246] cloud-init[934]: ci-info: +-------+-------------+----------+---------------+-----------+-------+
[[0;32m  OK  [0m] Reached target System Initialization.
[   12.914036] cloud-init[934]: ci-info: | Route | Destination | Gateway  |    Genmask    | Interface | Flags |
         Starting Socket activation for snappy daemon.
[   12.919951] [[0;32m  OK  [0m] Listening on D-Bus System Message Bus Socket.
[[0;32m  OK  [0m] Listening on ACPID Listen Socket.
[[0;32m  OK  [0m] Listening on UUID daemon activation socket.
cloud-init         Starting LXD - unix socket.
[934]: ci-info: +-------+-------------+----------+---------------+-----------+-------+
[   12.940705] [[0;32m  OK  [0m] Started ACPI Events Check.
[[0;32m  OK  [0m] Reached target Paths.
[[0;32m  OK  [0m] Started Daily apt download activities.
cloud-init[934]: ci-info: |   0   |   0.0.0.0   | 10.0.2.2 |    0.0.0.0    |   enp0s3  |   UG  |
[[0;32m  OK  [0m] Started Daily apt upgrade and clean activities.
[[0;32m  OK  [0m] Started Daily Cleanup of Temporary Directories.
[[0;32m  OK  [0m] Reached target Timers.
[[0;32m  OK  [0m] Reached target Network is Online.
[   12.942103] cloud-init[934]: ci-info: |   1   |   10.0.2.0  | 0.0.0.0  | 255.255.255.0 |   enp0s3  |   U   |
[   13.005246] cloud-init[934]: ci-info: +-------+-------------+----------+---------------+-----------+-------+
[   13.007963] cloud-init[934]: ci-info: +++++++++++++++++++Route IPv6 info+++++++++++++++++++
[   13.010533] cloud-init[934]: ci-info: +-------+-------------+---------+-----------+-------+
[   13.017551] cloud-init[934]: ci-info: | Route | Destination | Gateway | Interface | Flags |         Starting iSCSI initiator daemon (iscsid)...
[[0;32m  OK  [0m] Reached target Cloud-config availability.
[[0;32m  OK  [0m] Listening on Socket activation for snappy daemon.

[   13.026553] [[0;32m  OK  [0m] Listening on LXD - unix socket.
cloud-init[934]: ci-info: +-------+-------------+---------+-----------+-------+
[   13.038043] [[0;32m  OK  [0m] Reached target Sockets.
[[0;32m  OK  [0m] Reached target Basic System.
[[0;32m  OK  [0m] Started D-Bus System Message Bus.
cloud-init[934]: ci-info: |   0   |  fe80::/64  |    ::   |   enp0s3  |   U   |
[   13.069653] cloud-init[934]: ci-info: |   3   |   ff00::/8  |    ::   |   enp0s3  |   U   |
[   13.072100] cloud-init[934]: ci-info: +-------+-------------+---------+-----------+-------+
[[0;32m  OK  [0m] Started Unattended Upgrades Shutdown.
[   13.078625] cloud-init[934]: Generating public/private rsa key pair.
[   13.081582] cloud-init[934]: Your identification has been saved in /etc/ssh/ssh_host_rsa_key.
[   13.084936] cloud-init[934]: Your public key has been saved in /etc/ssh/ssh_host_rsa_key.pub.
[   13.087852] cloud-init[934]: The key fingerprint is:
[   13.090372] cloud-init[934]: SHA256:XZOKxPl2jl7UBAi6SOU+Xqcj3b7WWhncS/7XNbyeRyM root@ubuntu-xenial         Starting Snappy daemon...

         Starting System Logging Service...
[   13.095765]          Starting LSB: Record successful boot for GRUB...
cloud-init[934]: The key's randomart image is:
[   13.132555] cloud-init[[934]: [0;32m  OK  [0m+---[RSA 2048]----+] 
Started Regular background program processing daemon.
[   13.133578] cloud-init[934]: |      . .. ..    |
[   13.153686] cloud-init[934]: |     o o ..  o   |
[   13.165002]          Starting Login Service...
cloud-init[934]:          Starting LXD - container startup/shutdown...
         Starting Accounts Service...
         Starting /etc/rc.local Compatibility...
         Starting LSB: MD monitoring daemon...
         Starting Virtualbox guest utils...
[[0;32m  OK  [0m] Started Deferred execution scheduler.
[[0;32m  OK  [0m] Started ACPI event daemon.
[[0;32m  OK  [0m] Started FUSE filesystem for LXC.
|    . o +   + .  |
         Starting Pollinate to seed the pseudo random number generator...
[   13.249027] [[0;32m  OK  [0m] Started System Logging Service.
cloud-init[934]: |   . o o + + =   |
[   13.253713] cloud-init[934]: |    . + S * = =  |
[   13.258272] cloud-init[934]: |     . + = = E =o|
[[0;32m  OK  [0m] Started /etc/rc.local Compatibility.
[   13.265844] cloud-init[934]: |      o + o.= +.*|
[[0;32m  OK  [0m[   13.335730] cloud-init[934]: |       . +.o.  o=|
[   13.336850] cloud-init[934]: |         .=o  .o+|
[   13.337205] cloud-init[934]: +----[SHA256]-----+
[   13.337872] cloud-init[934]: Generating public/private dsa key pair.
[   13.338179] cloud-init[934]: Your identification has been saved in /etc/ssh/ssh_host_dsa_key.
[   13.338500] cloud-init[934]: Your public key has been saved in /etc/ssh/ssh_host_dsa_key.pub.
[   13.338751] cloud-init[934]: The key fingerprint is:
[   13.339016] cloud-init[934]: SHA256:EqU4rP1ahlyM8PIj1msdmo1o3vLLHo/wDnFDvlNio6c root@ubuntu-xenial
[   13.339302] cloud-init[934]: The key's randomart image is:
[   13.339556] cloud-init[934]: +---[DSA 1024]----+
[   13.339828] cloud-init[934]: |        .        |
[   13.340556] cloud-init[934]: |   . . o         |
[   13.340746] cloud-init[934]: |  . = o          |
] Started iSCSI initiator daemon (iscsid).
[   13.346198] cloud-init[934]: |   B + .         |
[   13.408129] cloud-init[934]: |  + @ = S        |
[   13.408773] cloud-init[934]: |   X X..         |
[[0;32m  OK  [0m] Started LSB: Record successful boot for GRUB.
[   13.409194] cloud-init[934]: |  *.@*+.         |
[   13.453753] cloud-init[934]: | .+X=@o          |
[   13.457758] cloud-init[934]: | oE*%..          |
[   13.465167] cloud-init[934]: +----[SHA256]-----+
[   13.469826] cloud-init[934]: Generating public/private ecdsa key pair.
[   13.500824] [[0;32m  OK  [0m] Started Login Service.
cloud-init[934]: Your identification has been saved in /etc/ssh/ssh_host_ecdsa_key.
         Starting Authenticate and Authorize Users to Run Privileged Tasks...
[   13.570678] cloud-init[934]: Your public key has been saved in /etc/ssh/ssh_host_ecdsa_key.pub.
[   13.602160]          Starting Login to default iSCSI targets...
cloud-init[934]: The key fingerprint is:
[   13.621485] [[0;32m  OK  [0m] Started Snappy daemon.
cloud-init[[0;32m  OK  [0m] Started LXD - container startup/shutdown.
[[0;32m  OK  [0m] Started LSB: MD monitoring daemon.
[[0;32m  OK  [0m] Started Virtualbox guest utils.
[934]: SHA256:kK0n2xaBVX9RMQisFsEq4OMQhZlyHdwbTe82jfcTvu8 root@ubuntu-xenial
[[0;32m  OK  [0m] Started Authenticate and Authorize Users to Run Privileged Tasks.
[   13.641275] cloud-init[934]: The key's randomart image is:[[0;32m  OK  [0m] Started Accounts Service.

[   13.688889] cloud-init[934]: +---[ECDSA 256]---+
[   13.692127] cloud-init[934]: |  =+.o o+o+.. o+o|
[   13.697991] cloud-init[934]: |.=..o o=.+ o . ..|
[   13.700732] cloud-init[934]: |..o . +o+ + . .  |
[   13.703353] cloud-init[934]: | . o ..+ = o .   |
[   13.706586] cloud-init[934]: |  o . + S = o .  |
[   13.709760] cloud-init[934]: |   .   = o o o . |
[   13.712991] cloud-init[934]: |      . o     +  |
[   13.716092] cloud-init[934]: |       .       o |
[   13.719059] cloud-init[934]: |              .oE|
[   13.734453]          cloud-initStarting Wait until snapd is fully seeded...[934]: 
+----[SHA256]-----+
[   13.739639] cloud-init[934]: Generating public/private ed25519 key pair.
[   13.759521] [[0;32m  OK  [0m] Started Login to default iSCSI targets.
cloud-init[934]: Your identification has been saved in /etc/ssh/ssh_host_ed25519_key.
[   13.764586] cloud-init[934]: Your public key has been saved in /etc/ssh/ssh_host_ed25519_key.pub.[[0;32m  OK  [0m] Reached target Remote File Systems (Pre).
[[0;32m  OK  [0m] Reached target Remote File Systems.

[   13.771225] cloud-init[934]: The key fingerprint is:
[   13.792341]          Starting LSB: automatic crash report generation...
cloud-init[934]: SHA256:57BRFCXOo5cfe5yqgTg77Om+oUxkH+8QB+pdRbkmIts root@ubuntu-xenial
[   13.802843]          Starting Permit User Sessions...
cloud-init         [934]: Starting LSB: daemon to balance interrupts for SMP systems...The key's randomart image is:

[   13.834289]          Starting LSB: Set the CPU Frequency Scaling governor to "ondemand"...
cloud-init[934]: +--[ED25519 256]--+
[   13.862741] [[0;32m  OK  [0m] cloud-initStarted Permit User Sessions.
[934]: |          =+.    |
[   13.866095] cloud-init[934]: |         =..     |
[[0;32m  OK  [0m] Started LSB: automatic crash report generation.
[   13.892834] cloud-init[934]: |      .   *.     |
         Starting Terminate Plymouth Boot Screen...
         Starting Hold until boot process finishes up...
[[0;32m  OK  [0m] Started LSB: daemon to balance interrupts for SMP systems.
[   13.933044] cloud-init[934]: |    .....+oo     |
[   14.016011] cloud-init[934]: |    ++o.So+ .    |
[   14.017828] cloud-init[934]: |   +.oEB O . + . |
[   14.018299] cloud-init[934]: |    o.B + o o +  |
[   14.018583] cloud-init[934]: |   o .oB   . o   |
[   14.019695] cloud-init[934]: |    o+Bo. ...    |
[   14.019823] cloud-init[934]: +----[SHA256]-----+
[[0;32m  OK  [0m] Started LSB: Set the CPU Frequency Scaling governor to "ondemand".
[[0;32m  OK  [0m] Started Terminate Plymouth Boot Screen.
[[0;32m  OK  [0m] Started Hold until boot process finishes up.
[[0;32m  OK  [0m] Started Getty on tty1.
         Starting Set console scheme...
[[0;32m  OK  [0m] Started Serial Getty on ttyS0.
[[0;32m  OK  [0m] Reached target Login Prompts.
[[0;32m  OK  [0m] Started Set console scheme.
[[0;32m  OK  [0m] Started Pollinate to seed the pseudo random number generator.
         Starting OpenBSD Secure Shell server...
[[0;32m  OK  [0m] Started OpenBSD Secure Shell server.
[[0;32m  OK  [0m] Created slice User Slice of vagrant.
         Starting User Manager for UID 1000...
[[0;32m  OK  [0m] Started Session 1 of user vagrant.
[[0;32m  OK  [0m] Started User Manager for UID 1000.
         Stopping User Manager for UID 1000...
[[0;32m  OK  [0m] Stopped User Manager for UID 1000.
[[0;32m  OK  [0m] Removed slice User Slice of vagrant.
[[0;32m  OK  [0m] Created slice User Slice of vagrant.
         Starting User Manager for UID 1000...
[[0;32m  OK  [0m] Started Session 2 of user vagrant.
[[0;32m  OK  [0m] Started User Manager for UID 1000.

Ubuntu 16.04.5 LTS ubuntu-xenial ttyS0

ubuntu-xenial login: [   20.461898] cloud-init[1582]: Generating locales (this might take a while)...
[   21.591884] cloud-init[1582]:   en_US.UTF-8... done
[   21.592988] cloud-init[1582]: Generation complete.
[   22.019867] cloud-init[1582]: Cloud-init v. 18.4-0ubuntu1~16.04.2 running 'modules:config' at Fri, 21 Dec 2018 02:46:27 +0000. Up 20.31 seconds.
ci-info: no authorized ssh keys fingerprints found for user ubuntu.
<14>Dec 21 02:46:30 ec2: 
<14>Dec 21 02:46:30 ec2: #############################################################
<14>Dec 21 02:46:30 ec2: -----BEGIN SSH HOST KEY FINGERPRINTS-----
<14>Dec 21 02:46:30 ec2: 1024 SHA256:EqU4rP1ahlyM8PIj1msdmo1o3vLLHo/wDnFDvlNio6c root@ubuntu-xenial (DSA)
<14>Dec 21 02:46:30 ec2: 256 SHA256:kK0n2xaBVX9RMQisFsEq4OMQhZlyHdwbTe82jfcTvu8 root@ubuntu-xenial (ECDSA)
<14>Dec 21 02:46:30 ec2: 256 SHA256:57BRFCXOo5cfe5yqgTg77Om+oUxkH+8QB+pdRbkmIts root@ubuntu-xenial (ED25519)
<14>Dec 21 02:46:30 ec2: 2048 SHA256:XZOKxPl2jl7UBAi6SOU+Xqcj3b7WWhncS/7XNbyeRyM root@ubuntu-xenial (RSA)
<14>Dec 21 02:46:30 ec2: -----END SSH HOST KEY FINGERPRINTS-----
<14>Dec 21 02:46:30 ec2: #############################################################
-----BEGIN SSH HOST KEY KEYS-----
ecdsa-sha2-nistp256 AAAAE2VjZHNhLXNoYTItbmlzdHAyNTYAAAAIbmlzdHAyNTYAAABBBOdH46HN74/RI6BC4pqGkGg2fL8zjbtIt+l0YuNzlaxpTvnp+5fCK5u/x6I/CxA2NV81Fq+wy+Tt/ZgxCft1zlU= root@ubuntu-xenial
ssh-ed25519 AAAAC3NzaC1lZDI1NTE5AAAAIEZV1zW4pDhIjyIFTprI9SUJZim24q3B4iNsGQHfjNbd root@ubuntu-xenial
ssh-rsa AAAAB3NzaC1yc2EAAAADAQABAAABAQDVkHm/ib6SVmeWBc3G2af4cSw7YMmOvKwHON9uH0foklhgDtDsDWUVrg+XRulnsaSiY33aKDX+IMQiXUPk+UizPaO2q02zKfumFQG2LcHUpHEMGPjSxS8JMt544+Pq5LLr8D7bdmwquT+U6qQ2w+4QVyHtkDgveYSOJ4xVOdwAUSQtDzFLwr8Yc+klbcWHVU3w19kOWDz+j0F8fYtCadjI2TaupQ4nFJ8KfgYffRYtGknRGcezMMcLzwY8xhMkFyaYkxAKrFGaEgBfcdcd4j304Z0zlHn3vyNVaYUcHC7Vx8Rhb6LBSJmGzO/zBr4/WMOoHubYc7YRXoBexMvbaGIp root@ubuntu-xenial
-----END SSH HOST KEY KEYS-----
[   22.896034] cloud-init[1694]: Cloud-init v. 18.4-0ubuntu1~16.04.2 running 'modules:final' at Fri, 21 Dec 2018 02:46:29 +0000. Up 22.63 seconds.
[   22.896226] cloud-init[1694]: ci-info: no authorized ssh keys fingerprints found for user ubuntu.
[   22.896358] cloud-init[1694]: Cloud-init v. 18.4-0ubuntu1~16.04.2 finished at Fri, 21 Dec 2018 02:46:30 +0000. Datasource DataSourceNoCloud [seed=/dev/sdb][dsmode=net].  Up 22.88 seconds
